[23:33:28] === RouteSmith Experiment Runner ===
[23:33:28] Phase: all
[23:33:28] Log: benchmark/logs/run_all_20260406_233328.log
[23:33:28] Recovery: experiments resume from last saved query automatically
[23:33:28] 
[23:33:28] Running ALL experiments in sequence.
[23:33:28] Estimated time: 3-6 hours. Kill and re-run to resume from any point.
[23:33:28] 
[23:33:28] Starting phase: static
Loading datasets...
MMLU: 600 queries, GSM8K: 300 queries

============================================================
PHASE: STATIC
============================================================

--- MMLU (600 queries) ---

=== static_strong (tag=mmlu, 600 queries) ===
  Resuming static_strong: 566/600 done
  [ 567/600] static_strong                       | ✓ | acc=76.9% | cost=$0.2046
  [ 568/600] static_strong                       | ✓ | acc=76.9% | cost=$0.2048
  [ 569/600] static_strong                       | ✓ | acc=77.0% | cost=$0.2050
  [ 570/600] static_strong                       | ✓ | acc=77.0% | cost=$0.2053
  [ 571/600] static_strong                       | ✓ | acc=77.1% | cost=$0.2056
  [ 572/600] static_strong                       | ✓ | acc=77.1% | cost=$0.2058
  [ 573/600] static_strong                       | ✓ | acc=77.1% | cost=$0.2061
  [ 574/600] static_strong                       | ✓ | acc=77.2% | cost=$0.2065
  [ 575/600] static_strong                       | ✓ | acc=77.2% | cost=$0.2067
  [ 576/600] static_strong                       | ✓ | acc=77.3% | cost=$0.2070
  [ 577/600] static_strong                       | ✓ | acc=77.3% | cost=$0.2073
  [ 578/600] static_strong                       | ✓ | acc=77.3% | cost=$0.2075
  [ 579/600] static_strong                       | ✓ | acc=77.4% | cost=$0.2078
  [ 580/600] static_strong                       | ✓ | acc=77.4% | cost=$0.2080
  [ 581/600] static_strong                       | ✓ | acc=77.5% | cost=$0.2084
  [ 582/600] static_strong                       | ✓ | acc=77.5% | cost=$0.2086
  [ 583/600] static_strong                       | ✓ | acc=77.5% | cost=$0.2089
  [ 584/600] static_strong                       | ✓ | acc=77.6% | cost=$0.2091
  [ 585/600] static_strong                       | ✓ | acc=77.6% | cost=$0.2094
  [ 586/600] static_strong                       | ✗ | acc=77.5% | cost=$0.2097
  [ 587/600] static_strong                       | ✓ | acc=77.5% | cost=$0.2100
  [ 588/600] static_strong                       | ✓ | acc=77.6% | cost=$0.2102
  [ 589/600] static_strong                       | ✓ | acc=77.6% | cost=$0.2105
  [ 590/600] static_strong                       | ✓ | acc=77.6% | cost=$0.2107
  [ 591/600] static_strong                       | ✓ | acc=77.7% | cost=$0.2110
  [ 592/600] static_strong                       | ✓ | acc=77.7% | cost=$0.2113
  [ 593/600] static_strong                       | ✓ | acc=77.7% | cost=$0.2116
  [ 594/600] static_strong                       | ✓ | acc=77.8% | cost=$0.2119
  [ 595/600] static_strong                       | ✓ | acc=77.8% | cost=$0.2122
  [ 596/600] static_strong                       | ✓ | acc=77.9% | cost=$0.2126
  [ 597/600] static_strong                       | ✗ | acc=77.7% | cost=$0.2128
  [ 598/600] static_strong                       | ✓ | acc=77.8% | cost=$0.2131
  [ 599/600] static_strong                       | ✗ | acc=77.6% | cost=$0.2134
  [ 600/600] static_strong                       | ✓ | acc=77.7% | cost=$0.2137
  DONE: n=600, acc=77.7%, cost=$0.2137

=== static_weak (tag=mmlu, 600 queries) ===
  [   1/600] static_weak                         | ✗ | acc=0.0% | cost=$0.0000
  [   2/600] static_weak                         | ✗ | acc=0.0% | cost=$0.0000
  [   3/600] static_weak                         | ✗ | acc=0.0% | cost=$0.0001
  [   4/600] static_weak                         | ✓ | acc=25.0% | cost=$0.0001
  [   5/600] static_weak                         | ✓ | acc=40.0% | cost=$0.0001
  [   6/600] static_weak                         | ✗ | acc=33.3% | cost=$0.0001
  [   7/600] static_weak                         | ✗ | acc=28.6% | cost=$0.0001
  [   8/600] static_weak                         | ✗ | acc=25.0% | cost=$0.0002
  [   9/600] static_weak                         | ✗ | acc=22.2% | cost=$0.0002
  [  10/600] static_weak                         | ✓ | acc=30.0% | cost=$0.0002
  [  11/600] static_weak                         | ✗ | acc=27.3% | cost=$0.0002
  [  12/600] static_weak                         | ✗ | acc=25.0% | cost=$0.0002
  [  13/600] static_weak                         | ✓ | acc=30.8% | cost=$0.0003
  [  14/600] static_weak                         | ✗ | acc=28.6% | cost=$0.0003
  [  15/600] static_weak                         | ✓ | acc=33.3% | cost=$0.0003
  [  16/600] static_weak                         | ✗ | acc=31.2% | cost=$0.0003
  [  17/600] static_weak                         | ✗ | acc=29.4% | cost=$0.0003
  [  18/600] static_weak                         | ✗ | acc=27.8% | cost=$0.0003
  [  19/600] static_weak                         | ✓ | acc=31.6% | cost=$0.0004
  [  20/600] static_weak                         | ✓ | acc=35.0% | cost=$0.0004
  [  21/600] static_weak                         | ✓ | acc=38.1% | cost=$0.0004
  [  22/600] static_weak                         | ✓ | acc=40.9% | cost=$0.0004
  [  23/600] static_weak                         | ✗ | acc=39.1% | cost=$0.0004
  [  24/600] static_weak                         | ✓ | acc=41.7% | cost=$0.0004
  [  25/600] static_weak                         | ✗ | acc=40.0% | cost=$0.0005
  [  26/600] static_weak                         | ✓ | acc=42.3% | cost=$0.0005
  [  27/600] static_weak                         | ✗ | acc=40.7% | cost=$0.0005
  [  28/600] static_weak                         | ✓ | acc=42.9% | cost=$0.0005
  [  29/600] static_weak                         | ✓ | acc=44.8% | cost=$0.0005
  [  30/600] static_weak                         | ✗ | acc=43.3% | cost=$0.0005
  [  31/600] static_weak                         | ✗ | acc=41.9% | cost=$0.0006
  [  32/600] static_weak                         | ✗ | acc=40.6% | cost=$0.0006
  [  33/600] static_weak                         | ✗ | acc=39.4% | cost=$0.0006
  [  34/600] static_weak                         | ✓ | acc=41.2% | cost=$0.0006
  [  35/600] static_weak                         | ✗ | acc=40.0% | cost=$0.0006
  [  36/600] static_weak                         | ✗ | acc=38.9% | cost=$0.0007
  [  37/600] static_weak                         | ✗ | acc=37.8% | cost=$0.0007
  [  38/600] static_weak                         | ✓ | acc=39.5% | cost=$0.0007
  [  39/600] static_weak                         | ✗ | acc=38.5% | cost=$0.0007
  [  40/600] static_weak                         | ✗ | acc=37.5% | cost=$0.0007
  [  41/600] static_weak                         | ✗ | acc=36.6% | cost=$0.0008
  [  42/600] static_weak                         | ✗ | acc=35.7% | cost=$0.0008
  [  43/600] static_weak                         | ✗ | acc=34.9% | cost=$0.0008
  [  44/600] static_weak                         | ✗ | acc=34.1% | cost=$0.0008
  [  45/600] static_weak                         | ✓ | acc=35.6% | cost=$0.0008
  [  46/600] static_weak                         | ✗ | acc=34.8% | cost=$0.0008
  [  47/600] static_weak                         | ✗ | acc=34.0% | cost=$0.0009
  [  48/600] static_weak                         | ✗ | acc=33.3% | cost=$0.0009
  [  49/600] static_weak                         | ✓ | acc=34.7% | cost=$0.0009
  [  50/600] static_weak                         | ✗ | acc=34.0% | cost=$0.0009
  [  51/600] static_weak                         | ✓ | acc=35.3% | cost=$0.0009
  [  52/600] static_weak                         | ✗ | acc=34.6% | cost=$0.0010
  [  53/600] static_weak                         | ✓ | acc=35.8% | cost=$0.0010
  [  54/600] static_weak                         | ✓ | acc=37.0% | cost=$0.0010
  [  55/600] static_weak                         | ✗ | acc=36.4% | cost=$0.0010
  [  56/600] static_weak                         | ✗ | acc=35.7% | cost=$0.0010
  [  57/600] static_weak                         | ✓ | acc=36.8% | cost=$0.0011
  [  58/600] static_weak                         | ✓ | acc=37.9% | cost=$0.0011
  [  59/600] static_weak                         | ✗ | acc=37.3% | cost=$0.0011
  [  60/600] static_weak                         | ✗ | acc=36.7% | cost=$0.0011
  [  61/600] static_weak                         | ✓ | acc=37.7% | cost=$0.0011
  [  62/600] static_weak                         | ✗ | acc=37.1% | cost=$0.0011
  [  63/600] static_weak                         | ✗ | acc=36.5% | cost=$0.0012
  [  64/600] static_weak                         | ✗ | acc=35.9% | cost=$0.0012
  [  65/600] static_weak                         | ✗ | acc=35.4% | cost=$0.0012
  [  66/600] static_weak                         | ✗ | acc=34.8% | cost=$0.0012
  [  67/600] static_weak                         | ✗ | acc=34.3% | cost=$0.0012
  [  68/600] static_weak                         | ✗ | acc=33.8% | cost=$0.0012
  [  69/600] static_weak                         | ✓ | acc=34.8% | cost=$0.0013
  [  70/600] static_weak                         | ✗ | acc=34.3% | cost=$0.0013
  [  71/600] static_weak                         | ✗ | acc=33.8% | cost=$0.0013
  [  72/600] static_weak                         | ✗ | acc=33.3% | cost=$0.0013
  [  73/600] static_weak                         | ✗ | acc=32.9% | cost=$0.0013
  [  74/600] static_weak                         | ✗ | acc=32.4% | cost=$0.0014
  [  75/600] static_weak                         | ✗ | acc=32.0% | cost=$0.0014
  [  76/600] static_weak                         | ✗ | acc=31.6% | cost=$0.0014
  [  77/600] static_weak                         | ✗ | acc=31.2% | cost=$0.0014
  [  78/600] static_weak                         | ✓ | acc=32.1% | cost=$0.0014
  [  79/600] static_weak                         | ✗ | acc=31.6% | cost=$0.0015
  [  80/600] static_weak                         | ✓ | acc=32.5% | cost=$0.0015
  [  81/600] static_weak                         | ✗ | acc=32.1% | cost=$0.0015
  [  82/600] static_weak                         | ✓ | acc=32.9% | cost=$0.0015
  [  83/600] static_weak                         | ✗ | acc=32.5% | cost=$0.0015
  [  84/600] static_weak                         | ✓ | acc=33.3% | cost=$0.0015
  [  85/600] static_weak                         | ✓ | acc=34.1% | cost=$0.0016
  [  86/600] static_weak                         | ✗ | acc=33.7% | cost=$0.0016
  [  87/600] static_weak                         | ✗ | acc=33.3% | cost=$0.0016
  [  88/600] static_weak                         | ✗ | acc=33.0% | cost=$0.0016
  [  89/600] static_weak                         | ✗ | acc=32.6% | cost=$0.0017
  [  90/600] static_weak                         | ✗ | acc=32.2% | cost=$0.0017
  [  91/600] static_weak                         | ✗ | acc=31.9% | cost=$0.0017
  [  92/600] static_weak                         | ✓ | acc=32.6% | cost=$0.0017
  [  93/600] static_weak                         | ✓ | acc=33.3% | cost=$0.0017
  [  94/600] static_weak                         | ✗ | acc=33.0% | cost=$0.0018
  [  95/600] static_weak                         | ✗ | acc=32.6% | cost=$0.0018
  [  96/600] static_weak                         | ✓ | acc=33.3% | cost=$0.0018
  [  97/600] static_weak                         | ✗ | acc=33.0% | cost=$0.0018
  [  98/600] static_weak                         | ✓ | acc=33.7% | cost=$0.0018
  [  99/600] static_weak                         | ✗ | acc=33.3% | cost=$0.0019
  [ 100/600] static_weak                         | ✓ | acc=34.0% | cost=$0.0019
  [ 101/600] static_weak                         | ✓ | acc=34.7% | cost=$0.0019
  [ 102/600] static_weak                         | ✓ | acc=35.3% | cost=$0.0019
  [ 103/600] static_weak                         | ✓ | acc=35.9% | cost=$0.0019
  [ 104/600] static_weak                         | ✗ | acc=35.6% | cost=$0.0019
  [ 105/600] static_weak                         | ✗ | acc=35.2% | cost=$0.0019
  [ 106/600] static_weak                         | ✗ | acc=34.9% | cost=$0.0020
  [ 107/600] static_weak                         | ✗ | acc=34.6% | cost=$0.0020
  [ 108/600] static_weak                         | ✓ | acc=35.2% | cost=$0.0020
  [ 109/600] static_weak                         | ✗ | acc=34.9% | cost=$0.0020
  [ 110/600] static_weak                         | ✓ | acc=35.5% | cost=$0.0020
  [ 111/600] static_weak                         | ✓ | acc=36.0% | cost=$0.0021
  [ 112/600] static_weak                         | ✗ | acc=35.7% | cost=$0.0021
  [ 113/600] static_weak                         | ✓ | acc=36.3% | cost=$0.0021
  [ 114/600] static_weak                         | ✓ | acc=36.8% | cost=$0.0021
  [ 115/600] static_weak                         | ✗ | acc=36.5% | cost=$0.0021
  [ 116/600] static_weak                         | ✗ | acc=36.2% | cost=$0.0021
  [ 117/600] static_weak                         | ✗ | acc=35.9% | cost=$0.0022
  [ 118/600] static_weak                         | ✓ | acc=36.4% | cost=$0.0022
  [ 119/600] static_weak                         | ✗ | acc=36.1% | cost=$0.0022
  [ 120/600] static_weak                         | ✗ | acc=35.8% | cost=$0.0022
  [ 121/600] static_weak                         | ✓ | acc=36.4% | cost=$0.0023
  [ 122/600] static_weak                         | ✓ | acc=36.9% | cost=$0.0023
  [ 123/600] static_weak                         | ✓ | acc=37.4% | cost=$0.0023
  [ 124/600] static_weak                         | ✓ | acc=37.9% | cost=$0.0023
  [ 125/600] static_weak                         | ✓ | acc=38.4% | cost=$0.0023
  [ 126/600] static_weak                         | ✓ | acc=38.9% | cost=$0.0023
  [ 127/600] static_weak                         | ✓ | acc=39.4% | cost=$0.0023
  [ 128/600] static_weak                         | ✓ | acc=39.8% | cost=$0.0024
  [ 129/600] static_weak                         | ✗ | acc=39.5% | cost=$0.0024
  [ 130/600] static_weak                         | ✓ | acc=40.0% | cost=$0.0024
  [ 131/600] static_weak                         | ✗ | acc=39.7% | cost=$0.0024
  [ 132/600] static_weak                         | ✓ | acc=40.2% | cost=$0.0024
  [ 133/600] static_weak                         | ✗ | acc=39.8% | cost=$0.0024
  [ 134/600] static_weak                         | ✗ | acc=39.6% | cost=$0.0026
  [ 135/600] static_weak                         | ✓ | acc=40.0% | cost=$0.0026
  [ 136/600] static_weak                         | ✓ | acc=40.4% | cost=$0.0026
  [ 137/600] static_weak                         | ✗ | acc=40.1% | cost=$0.0026
  [ 138/600] static_weak                         | ✓ | acc=40.6% | cost=$0.0026
  [ 139/600] static_weak                         | ✓ | acc=41.0% | cost=$0.0027
  [ 140/600] static_weak                         | ✗ | acc=40.7% | cost=$0.0027
  [ 141/600] static_weak                         | ✗ | acc=40.4% | cost=$0.0027
  [ 142/600] static_weak                         | ✓ | acc=40.8% | cost=$0.0027
  [ 143/600] static_weak                         | ✓ | acc=41.3% | cost=$0.0027
  [ 144/600] static_weak                         | ✓ | acc=41.7% | cost=$0.0027
  [ 145/600] static_weak                         | ✓ | acc=42.1% | cost=$0.0027
  [ 146/600] static_weak                         | ✓ | acc=42.5% | cost=$0.0028
  [ 147/600] static_weak                         | ✗ | acc=42.2% | cost=$0.0028
  [ 148/600] static_weak                         | ✓ | acc=42.6% | cost=$0.0028
  [ 149/600] static_weak                         | ✓ | acc=43.0% | cost=$0.0028
  [ 150/600] static_weak                         | ✗ | acc=42.7% | cost=$0.0028
  [ 151/600] static_weak                         | ✓ | acc=43.0% | cost=$0.0028
  [ 152/600] static_weak                         | ✗ | acc=42.8% | cost=$0.0029
  [ 153/600] static_weak                         | ✓ | acc=43.1% | cost=$0.0029
  [ 154/600] static_weak                         | ✓ | acc=43.5% | cost=$0.0029
  [ 155/600] static_weak                         | ✗ | acc=43.2% | cost=$0.0029
  [ 156/600] static_weak                         | ✓ | acc=43.6% | cost=$0.0029
  [ 157/600] static_weak                         | ✗ | acc=43.3% | cost=$0.0029
  [ 158/600] static_weak                         | ✓ | acc=43.7% | cost=$0.0030
  [ 159/600] static_weak                         | ✗ | acc=43.4% | cost=$0.0030
  [ 160/600] static_weak                         | ✓ | acc=43.8% | cost=$0.0030
  [ 161/600] static_weak                         | ✗ | acc=43.5% | cost=$0.0030
  [ 162/600] static_weak                         | ✓ | acc=43.8% | cost=$0.0030
  [ 163/600] static_weak                         | ✗ | acc=43.6% | cost=$0.0030
  [ 164/600] static_weak                         | ✓ | acc=43.9% | cost=$0.0031
  [ 165/600] static_weak                         | ✓ | acc=44.2% | cost=$0.0031
  [ 166/600] static_weak                         | ✓ | acc=44.6% | cost=$0.0031
  [ 167/600] static_weak                         | ✓ | acc=44.9% | cost=$0.0031
  [ 168/600] static_weak                         | ✗ | acc=44.6% | cost=$0.0031
  [ 169/600] static_weak                         | ✓ | acc=45.0% | cost=$0.0032
  [ 170/600] static_weak                         | ✓ | acc=45.3% | cost=$0.0032
  [ 171/600] static_weak                         | ✓ | acc=45.6% | cost=$0.0032
  [ 172/600] static_weak                         | ✗ | acc=45.3% | cost=$0.0032
  [ 173/600] static_weak                         | ✓ | acc=45.7% | cost=$0.0032
  [ 174/600] static_weak                         | ✓ | acc=46.0% | cost=$0.0032
  [ 175/600] static_weak                         | ✗ | acc=45.7% | cost=$0.0032
  [ 176/600] static_weak                         | ✓ | acc=46.0% | cost=$0.0033
  [ 177/600] static_weak                         | ✓ | acc=46.3% | cost=$0.0033
  [ 178/600] static_weak                         | ✓ | acc=46.6% | cost=$0.0033
  [ 179/600] static_weak                         | ✗ | acc=46.4% | cost=$0.0033
  [ 180/600] static_weak                         | ✓ | acc=46.7% | cost=$0.0033
  [ 181/600] static_weak                         | ✓ | acc=47.0% | cost=$0.0033
  [ 182/600] static_weak                         | ✓ | acc=47.3% | cost=$0.0033
  [ 183/600] static_weak                         | ✓ | acc=47.5% | cost=$0.0034
  [ 184/600] static_weak                         | ✗ | acc=47.3% | cost=$0.0034
  [ 185/600] static_weak                         | ✓ | acc=47.6% | cost=$0.0034
  [ 186/600] static_weak                         | ✓ | acc=47.8% | cost=$0.0034
  [ 187/600] static_weak                         | ✓ | acc=48.1% | cost=$0.0034
  [ 188/600] static_weak                         | ✓ | acc=48.4% | cost=$0.0035
  [ 189/600] static_weak                         | ✓ | acc=48.7% | cost=$0.0035
  [ 190/600] static_weak                         | ✓ | acc=48.9% | cost=$0.0035
  [ 191/600] static_weak                         | ✓ | acc=49.2% | cost=$0.0035
  [ 192/600] static_weak                         | ✓ | acc=49.5% | cost=$0.0035
  [ 193/600] static_weak                         | ✗ | acc=49.2% | cost=$0.0035
  [ 194/600] static_weak                         | ✓ | acc=49.5% | cost=$0.0036
  [ 195/600] static_weak                         | ✗ | acc=49.2% | cost=$0.0036
  [ 196/600] static_weak                         | ✓ | acc=49.5% | cost=$0.0036
  [ 197/600] static_weak                         | ✓ | acc=49.7% | cost=$0.0036
  [ 198/600] static_weak                         | ✓ | acc=50.0% | cost=$0.0036
  [ 199/600] static_weak                         | ✗ | acc=49.7% | cost=$0.0036
  [ 200/600] static_weak                         | ✓ | acc=50.0% | cost=$0.0036
  [ 201/600] static_weak                         | ✓ | acc=50.2% | cost=$0.0037
  [ 202/600] static_weak                         | ✓ | acc=50.5% | cost=$0.0037
  [ 203/600] static_weak                         | ✓ | acc=50.7% | cost=$0.0037
  [ 204/600] static_weak                         | ✓ | acc=51.0% | cost=$0.0037
  [ 205/600] static_weak                         | ✓ | acc=51.2% | cost=$0.0037
  [ 206/600] static_weak                         | ✓ | acc=51.5% | cost=$0.0037
  [ 207/600] static_weak                         | ✓ | acc=51.7% | cost=$0.0038
  [ 208/600] static_weak                         | ✓ | acc=51.9% | cost=$0.0038
  [ 209/600] static_weak                         | ✓ | acc=52.2% | cost=$0.0038
  [ 210/600] static_weak                         | ✓ | acc=52.4% | cost=$0.0038
  [ 211/600] static_weak                         | ✗ | acc=52.1% | cost=$0.0038
  [ 212/600] static_weak                         | ✗ | acc=51.9% | cost=$0.0039
  [ 213/600] static_weak                         | ✓ | acc=52.1% | cost=$0.0039
  [ 214/600] static_weak                         | ✗ | acc=51.9% | cost=$0.0039
  [ 215/600] static_weak                         | ✓ | acc=52.1% | cost=$0.0039
  [ 216/600] static_weak                         | ✓ | acc=52.3% | cost=$0.0039
  [ 217/600] static_weak                         | ✓ | acc=52.5% | cost=$0.0039
  [ 218/600] static_weak                         | ✓ | acc=52.8% | cost=$0.0039
  [ 219/600] static_weak                         | ✓ | acc=53.0% | cost=$0.0040
  [ 220/600] static_weak                         | ✓ | acc=53.2% | cost=$0.0040
  [ 221/600] static_weak                         | ✗ | acc=52.9% | cost=$0.0040
  [ 222/600] static_weak                         | ✓ | acc=53.2% | cost=$0.0040
  [ 223/600] static_weak                         | ✓ | acc=53.4% | cost=$0.0040
  [ 224/600] static_weak                         | ✓ | acc=53.6% | cost=$0.0040
  [ 225/600] static_weak                         | ✓ | acc=53.8% | cost=$0.0040
  [ 226/600] static_weak                         | ✓ | acc=54.0% | cost=$0.0041
  [ 227/600] static_weak                         | ✓ | acc=54.2% | cost=$0.0041
  [ 228/600] static_weak                         | ✓ | acc=54.4% | cost=$0.0041
  [ 229/600] static_weak                         | ✓ | acc=54.6% | cost=$0.0041
  [ 230/600] static_weak                         | ✓ | acc=54.8% | cost=$0.0041
  [ 231/600] static_weak                         | ✗ | acc=54.5% | cost=$0.0041
  [ 232/600] static_weak                         | ✗ | acc=54.3% | cost=$0.0041
  [ 233/600] static_weak                         | ✓ | acc=54.5% | cost=$0.0042
  [ 234/600] static_weak                         | ✓ | acc=54.7% | cost=$0.0042
  [ 235/600] static_weak                         | ✓ | acc=54.9% | cost=$0.0042
  [ 236/600] static_weak                         | ✗ | acc=54.7% | cost=$0.0042
  [ 237/600] static_weak                         | ✓ | acc=54.9% | cost=$0.0042
  [ 238/600] static_weak                         | ✓ | acc=55.0% | cost=$0.0042
  [ 239/600] static_weak                         | ✓ | acc=55.2% | cost=$0.0042
  [ 240/600] static_weak                         | ✓ | acc=55.4% | cost=$0.0043
  [ 241/600] static_weak                         | ✗ | acc=55.2% | cost=$0.0043
  [ 242/600] static_weak                         | ✓ | acc=55.4% | cost=$0.0043
  [ 243/600] static_weak                         | ✓ | acc=55.6% | cost=$0.0044
  [ 244/600] static_weak                         | ✗ | acc=55.3% | cost=$0.0044
  [ 245/600] static_weak                         | ✓ | acc=55.5% | cost=$0.0045
  [ 246/600] static_weak                         | ✓ | acc=55.7% | cost=$0.0045
  [ 247/600] static_weak                         | ✓ | acc=55.9% | cost=$0.0046
  [ 248/600] static_weak                         | ✓ | acc=56.0% | cost=$0.0046
  [ 249/600] static_weak                         | ✓ | acc=56.2% | cost=$0.0046
  [ 250/600] static_weak                         | ✓ | acc=56.4% | cost=$0.0047
  [ 251/600] static_weak                         | ✓ | acc=56.6% | cost=$0.0047
  [ 252/600] static_weak                         | ✓ | acc=56.7% | cost=$0.0047
  [ 253/600] static_weak                         | ✓ | acc=56.9% | cost=$0.0048
  [ 254/600] static_weak                         | ✗ | acc=56.7% | cost=$0.0048
  [ 255/600] static_weak                         | ✓ | acc=56.9% | cost=$0.0048
  [ 256/600] static_weak                         | ✓ | acc=57.0% | cost=$0.0048
  [ 257/600] static_weak                         | ✓ | acc=57.2% | cost=$0.0049
  [ 258/600] static_weak                         | ✓ | acc=57.4% | cost=$0.0049
  [ 259/600] static_weak                         | ✗ | acc=57.1% | cost=$0.0049
  [ 260/600] static_weak                         | ✓ | acc=57.3% | cost=$0.0050
  [ 261/600] static_weak                         | ✓ | acc=57.5% | cost=$0.0050
  [ 262/600] static_weak                         | ✓ | acc=57.6% | cost=$0.0050
  [ 263/600] static_weak                         | ✗ | acc=57.4% | cost=$0.0051
  [ 264/600] static_weak                         | ✓ | acc=57.6% | cost=$0.0051
  [ 265/600] static_weak                         | ✗ | acc=57.4% | cost=$0.0052
  [ 266/600] static_weak                         | ✓ | acc=57.5% | cost=$0.0052
  [ 267/600] static_weak                         | ✗ | acc=57.3% | cost=$0.0053
  [ 268/600] static_weak                         | ✓ | acc=57.5% | cost=$0.0053
  [ 269/600] static_weak                         | ✓ | acc=57.6% | cost=$0.0053
  [ 270/600] static_weak                         | ✓ | acc=57.8% | cost=$0.0054
  [ 271/600] static_weak                         | ✓ | acc=57.9% | cost=$0.0054
  [ 272/600] static_weak                         | ✓ | acc=58.1% | cost=$0.0054
  [ 273/600] static_weak                         | ✓ | acc=58.2% | cost=$0.0055
  [ 274/600] static_weak                         | ✓ | acc=58.4% | cost=$0.0055
  [ 275/600] static_weak                         | ✓ | acc=58.5% | cost=$0.0055
  [ 276/600] static_weak                         | ✓ | acc=58.7% | cost=$0.0056
  [ 277/600] static_weak                         | ✓ | acc=58.8% | cost=$0.0056
  [ 278/600] static_weak                         | ✓ | acc=59.0% | cost=$0.0056
  [ 279/600] static_weak                         | ✓ | acc=59.1% | cost=$0.0056
  [ 280/600] static_weak                         | ✓ | acc=59.3% | cost=$0.0056
  [ 281/600] static_weak                         | ✓ | acc=59.4% | cost=$0.0057
  [ 282/600] static_weak                         | ✓ | acc=59.6% | cost=$0.0057
  [ 283/600] static_weak                         | ✓ | acc=59.7% | cost=$0.0057
  [ 284/600] static_weak                         | ✓ | acc=59.9% | cost=$0.0057
  [ 285/600] static_weak                         | ✓ | acc=60.0% | cost=$0.0058
  [ 286/600] static_weak                         | ✓ | acc=60.1% | cost=$0.0059
  [ 287/600] static_weak                         | ✗ | acc=59.9% | cost=$0.0059
  [ 288/600] static_weak                         | ✓ | acc=60.1% | cost=$0.0060
  [ 289/600] static_weak                         | ✓ | acc=60.2% | cost=$0.0060
  [ 290/600] static_weak                         | ✗ | acc=60.0% | cost=$0.0060
  [ 291/600] static_weak                         | ✓ | acc=60.1% | cost=$0.0060
  [ 292/600] static_weak                         | ✓ | acc=60.3% | cost=$0.0061
  [ 293/600] static_weak                         | ✓ | acc=60.4% | cost=$0.0061
  [ 294/600] static_weak                         | ✓ | acc=60.5% | cost=$0.0062
  [ 295/600] static_weak                         | ✓ | acc=60.7% | cost=$0.0062
  [ 296/600] static_weak                         | ✓ | acc=60.8% | cost=$0.0063
  [ 297/600] static_weak                         | ✓ | acc=60.9% | cost=$0.0063
  [ 298/600] static_weak                         | ✓ | acc=61.1% | cost=$0.0063
  [ 299/600] static_weak                         | ✗ | acc=60.9% | cost=$0.0063
  [ 300/600] static_weak                         | ✗ | acc=60.7% | cost=$0.0063
  [ 301/600] static_weak                         | ✓ | acc=60.8% | cost=$0.0064
  [ 302/600] static_weak                         | ✓ | acc=60.9% | cost=$0.0064
  [ 303/600] static_weak                         | ✓ | acc=61.1% | cost=$0.0064
  [ 304/600] static_weak                         | ✓ | acc=61.2% | cost=$0.0064
  [ 305/600] static_weak                         | ✓ | acc=61.3% | cost=$0.0065
  [ 306/600] static_weak                         | ✓ | acc=61.4% | cost=$0.0065
  [ 307/600] static_weak                         | ✗ | acc=61.2% | cost=$0.0066
  [ 308/600] static_weak                         | ✓ | acc=61.4% | cost=$0.0066
  [ 309/600] static_weak                         | ✓ | acc=61.5% | cost=$0.0066
  [ 310/600] static_weak                         | ✗ | acc=61.3% | cost=$0.0066
  [ 311/600] static_weak                         | ✓ | acc=61.4% | cost=$0.0067
  [ 312/600] static_weak                         | ✓ | acc=61.5% | cost=$0.0067
  [ 313/600] static_weak                         | ✓ | acc=61.7% | cost=$0.0067
  [ 314/600] static_weak                         | ✓ | acc=61.8% | cost=$0.0068
  [ 315/600] static_weak                         | ✗ | acc=61.6% | cost=$0.0068
  [ 316/600] static_weak                         | ✗ | acc=61.4% | cost=$0.0068
  [ 317/600] static_weak                         | ✓ | acc=61.5% | cost=$0.0069
  [ 318/600] static_weak                         | ✓ | acc=61.6% | cost=$0.0069
  [ 319/600] static_weak                         | ✓ | acc=61.8% | cost=$0.0069
  [ 320/600] static_weak                         | ✓ | acc=61.9% | cost=$0.0070
  [ 321/600] static_weak                         | ✓ | acc=62.0% | cost=$0.0070
  [ 322/600] static_weak                         | ✓ | acc=62.1% | cost=$0.0070
  [ 323/600] static_weak                         | ✓ | acc=62.2% | cost=$0.0070
  [ 324/600] static_weak                         | ✗ | acc=62.0% | cost=$0.0070
  [ 325/600] static_weak                         | ✓ | acc=62.2% | cost=$0.0071
  [ 326/600] static_weak                         | ✓ | acc=62.3% | cost=$0.0071
  [ 327/600] static_weak                         | ✓ | acc=62.4% | cost=$0.0072
  [ 328/600] static_weak                         | ✗ | acc=62.2% | cost=$0.0072
  [ 329/600] static_weak                         | ✓ | acc=62.3% | cost=$0.0072
  [ 330/600] static_weak                         | ✓ | acc=62.4% | cost=$0.0072
  [ 331/600] static_weak                         | ✓ | acc=62.5% | cost=$0.0073
  [ 332/600] static_weak                         | ✓ | acc=62.7% | cost=$0.0073
  [ 333/600] static_weak                         | ✓ | acc=62.8% | cost=$0.0073
  [ 334/600] static_weak                         | ✓ | acc=62.9% | cost=$0.0074
  [ 335/600] static_weak                         | ✓ | acc=63.0% | cost=$0.0074
  [ 336/600] static_weak                         | ✓ | acc=63.1% | cost=$0.0074
  [ 337/600] static_weak                         | ✓ | acc=63.2% | cost=$0.0075
  [ 338/600] static_weak                         | ✓ | acc=63.3% | cost=$0.0075
  [ 339/600] static_weak                         | ✓ | acc=63.4% | cost=$0.0075
  [ 340/600] static_weak                         | ✓ | acc=63.5% | cost=$0.0076
  [ 341/600] static_weak                         | ✓ | acc=63.6% | cost=$0.0076
  [ 342/600] static_weak                         | ✗ | acc=63.5% | cost=$0.0077
  [ 343/600] static_weak                         | ✓ | acc=63.6% | cost=$0.0077
  [ 344/600] static_weak                         | ✓ | acc=63.7% | cost=$0.0077
  [ 345/600] static_weak                         | ✓ | acc=63.8% | cost=$0.0078
  [ 346/600] static_weak                         | ✓ | acc=63.9% | cost=$0.0078
  [ 347/600] static_weak                         | ✓ | acc=64.0% | cost=$0.0078
  [ 348/600] static_weak                         | ✓ | acc=64.1% | cost=$0.0078
  [ 349/600] static_weak                         | ✗ | acc=63.9% | cost=$0.0078
  [ 350/600] static_weak                         | ✓ | acc=64.0% | cost=$0.0079
  [ 351/600] static_weak                         | ✓ | acc=64.1% | cost=$0.0079
  [ 352/600] static_weak                         | ✗ | acc=63.9% | cost=$0.0079
  [ 353/600] static_weak                         | ✓ | acc=64.0% | cost=$0.0079
  [ 354/600] static_weak                         | ✓ | acc=64.1% | cost=$0.0080
  [ 355/600] static_weak                         | ✓ | acc=64.2% | cost=$0.0081
  [ 356/600] static_weak                         | ✓ | acc=64.3% | cost=$0.0082
  [ 357/600] static_weak                         | ✓ | acc=64.4% | cost=$0.0082
  [ 358/600] static_weak                         | ✗ | acc=64.2% | cost=$0.0082
  [ 359/600] static_weak                         | ✓ | acc=64.3% | cost=$0.0082
  [ 360/600] static_weak                         | ✓ | acc=64.4% | cost=$0.0082
  [ 361/600] static_weak                         | ✓ | acc=64.5% | cost=$0.0082
  [ 362/600] static_weak                         | ✓ | acc=64.6% | cost=$0.0083
  [ 363/600] static_weak                         | ✓ | acc=64.7% | cost=$0.0083
  [ 364/600] static_weak                         | ✓ | acc=64.8% | cost=$0.0083
  [ 365/600] static_weak                         | ✗ | acc=64.7% | cost=$0.0083
  [ 366/600] static_weak                         | ✓ | acc=64.8% | cost=$0.0083
  [ 367/600] static_weak                         | ✓ | acc=64.9% | cost=$0.0083
  [ 368/600] static_weak                         | ✓ | acc=64.9% | cost=$0.0083
  [ 369/600] static_weak                         | ✓ | acc=65.0% | cost=$0.0084
  [ 370/600] static_weak                         | ✓ | acc=65.1% | cost=$0.0084
  [ 371/600] static_weak                         | ✓ | acc=65.2% | cost=$0.0084
  [ 372/600] static_weak                         | ✓ | acc=65.3% | cost=$0.0084
  [ 373/600] static_weak                         | ✓ | acc=65.4% | cost=$0.0084
  [ 374/600] static_weak                         | ✓ | acc=65.5% | cost=$0.0084
  [ 375/600] static_weak                         | ✓ | acc=65.6% | cost=$0.0084
  [ 376/600] static_weak                         | ✓ | acc=65.7% | cost=$0.0085
  [ 377/600] static_weak                         | ✓ | acc=65.8% | cost=$0.0085
  [ 378/600] static_weak                         | ✓ | acc=65.9% | cost=$0.0085
  [ 379/600] static_weak                         | ✓ | acc=66.0% | cost=$0.0085
  [ 380/600] static_weak                         | ✓ | acc=66.1% | cost=$0.0085
  [ 381/600] static_weak                         | ✓ | acc=66.1% | cost=$0.0085
  [ 382/600] static_weak                         | ✓ | acc=66.2% | cost=$0.0086
  [ 383/600] static_weak                         | ✓ | acc=66.3% | cost=$0.0086
  [ 384/600] static_weak                         | ✓ | acc=66.4% | cost=$0.0086
  [ 385/600] static_weak                         | ✗ | acc=66.2% | cost=$0.0086
  [ 386/600] static_weak                         | ✓ | acc=66.3% | cost=$0.0086
  [ 387/600] static_weak                         | ✓ | acc=66.4% | cost=$0.0087
  [ 388/600] static_weak                         | ✓ | acc=66.5% | cost=$0.0087
  [ 389/600] static_weak                         | ✓ | acc=66.6% | cost=$0.0087
  [ 390/600] static_weak                         | ✓ | acc=66.7% | cost=$0.0087
  [ 391/600] static_weak                         | ✓ | acc=66.8% | cost=$0.0087
  [ 392/600] static_weak                         | ✓ | acc=66.8% | cost=$0.0088
  [ 393/600] static_weak                         | ✓ | acc=66.9% | cost=$0.0088
  [ 394/600] static_weak                         | ✓ | acc=67.0% | cost=$0.0088
  [ 395/600] static_weak                         | ✓ | acc=67.1% | cost=$0.0088
  [ 396/600] static_weak                         | ✓ | acc=67.2% | cost=$0.0088
  [ 397/600] static_weak                         | ✓ | acc=67.3% | cost=$0.0088
  [ 398/600] static_weak                         | ✓ | acc=67.3% | cost=$0.0088
  [ 399/600] static_weak                         | ✓ | acc=67.4% | cost=$0.0088
  [ 400/600] static_weak                         | ✓ | acc=67.5% | cost=$0.0089
  [ 401/600] static_weak                         | ✓ | acc=67.6% | cost=$0.0089
  [ 402/600] static_weak                         | ✓ | acc=67.7% | cost=$0.0089
  [ 403/600] static_weak                         | ✓ | acc=67.7% | cost=$0.0089
  [ 404/600] static_weak                         | ✓ | acc=67.8% | cost=$0.0089
  [ 405/600] static_weak                         | ✗ | acc=67.7% | cost=$0.0089
  [ 406/600] static_weak                         | ✓ | acc=67.7% | cost=$0.0090
  [ 407/600] static_weak                         | ✓ | acc=67.8% | cost=$0.0090
  [ 408/600] static_weak                         | ✓ | acc=67.9% | cost=$0.0090
  [ 409/600] static_weak                         | ✓ | acc=68.0% | cost=$0.0090
  [ 410/600] static_weak                         | ✓ | acc=68.0% | cost=$0.0090
  [ 411/600] static_weak                         | ✓ | acc=68.1% | cost=$0.0090
  [ 412/600] static_weak                         | ✓ | acc=68.2% | cost=$0.0090
  [ 413/600] static_weak                         | ✓ | acc=68.3% | cost=$0.0091
  [ 414/600] static_weak                         | ✓ | acc=68.4% | cost=$0.0091
  [ 415/600] static_weak                         | ✓ | acc=68.4% | cost=$0.0091
  [ 416/600] static_weak                         | ✓ | acc=68.5% | cost=$0.0091
  [ 417/600] static_weak                         | ✓ | acc=68.6% | cost=$0.0091
  [ 418/600] static_weak                         | ✓ | acc=68.7% | cost=$0.0091
  [ 419/600] static_weak                         | ✓ | acc=68.7% | cost=$0.0091
  [ 420/600] static_weak                         | ✓ | acc=68.8% | cost=$0.0092
  [ 421/600] static_weak                         | ✓ | acc=68.9% | cost=$0.0092
  [ 422/600] static_weak                         | ✓ | acc=69.0% | cost=$0.0092
  [ 423/600] static_weak                         | ✓ | acc=69.0% | cost=$0.0092
  [ 424/600] static_weak                         | ✓ | acc=69.1% | cost=$0.0092
  [ 425/600] static_weak                         | ✓ | acc=69.2% | cost=$0.0092
  [ 426/600] static_weak                         | ✓ | acc=69.2% | cost=$0.0092
  [ 427/600] static_weak                         | ✓ | acc=69.3% | cost=$0.0093
  [ 428/600] static_weak                         | ✓ | acc=69.4% | cost=$0.0093
  [ 429/600] static_weak                         | ✓ | acc=69.5% | cost=$0.0093
  [ 430/600] static_weak                         | ✓ | acc=69.5% | cost=$0.0093
  [ 431/600] static_weak                         | ✓ | acc=69.6% | cost=$0.0093
  [ 432/600] static_weak                         | ✓ | acc=69.7% | cost=$0.0093
  [ 433/600] static_weak                         | ✓ | acc=69.7% | cost=$0.0093
  [ 434/600] static_weak                         | ✓ | acc=69.8% | cost=$0.0094
  [ 435/600] static_weak                         | ✓ | acc=69.9% | cost=$0.0094
  [ 436/600] static_weak                         | ✗ | acc=69.7% | cost=$0.0094
  [ 437/600] static_weak                         | ✓ | acc=69.8% | cost=$0.0094
  [ 438/600] static_weak                         | ✓ | acc=69.9% | cost=$0.0094
  [ 439/600] static_weak                         | ✓ | acc=69.9% | cost=$0.0094
  [ 440/600] static_weak                         | ✓ | acc=70.0% | cost=$0.0094
  [ 441/600] static_weak                         | ✗ | acc=69.8% | cost=$0.0094
  [ 442/600] static_weak                         | ✗ | acc=69.7% | cost=$0.0095
  [ 443/600] static_weak                         | ✓ | acc=69.8% | cost=$0.0095
  [ 444/600] static_weak                         | ✓ | acc=69.8% | cost=$0.0095
  [ 445/600] static_weak                         | ✗ | acc=69.7% | cost=$0.0095
  [ 446/600] static_weak                         | ✓ | acc=69.7% | cost=$0.0095
  [ 447/600] static_weak                         | ✓ | acc=69.8% | cost=$0.0095
  [ 448/600] static_weak                         | ✓ | acc=69.9% | cost=$0.0095
  [ 449/600] static_weak                         | ✓ | acc=69.9% | cost=$0.0096
  [ 450/600] static_weak                         | ✓ | acc=70.0% | cost=$0.0096
  [ 451/600] static_weak                         | ✓ | acc=70.1% | cost=$0.0096
  [ 452/600] static_weak                         | ✓ | acc=70.1% | cost=$0.0096
  [ 453/600] static_weak                         | ✓ | acc=70.2% | cost=$0.0096
  [ 454/600] static_weak                         | ✓ | acc=70.3% | cost=$0.0096
  [ 455/600] static_weak                         | ✓ | acc=70.3% | cost=$0.0096
  [ 456/600] static_weak                         | ✓ | acc=70.4% | cost=$0.0097
  [ 457/600] static_weak                         | ✓ | acc=70.5% | cost=$0.0097
  [ 458/600] static_weak                         | ✓ | acc=70.5% | cost=$0.0097
  [ 459/600] static_weak                         | ✗ | acc=70.4% | cost=$0.0097
  [ 460/600] static_weak                         | ✓ | acc=70.4% | cost=$0.0097
  [ 461/600] static_weak                         | ✓ | acc=70.5% | cost=$0.0097
  [ 462/600] static_weak                         | ✓ | acc=70.6% | cost=$0.0097
  [ 463/600] static_weak                         | ✓ | acc=70.6% | cost=$0.0098
  [ 464/600] static_weak                         | ✓ | acc=70.7% | cost=$0.0098
  [ 465/600] static_weak                         | ✓ | acc=70.8% | cost=$0.0098
  [ 466/600] static_weak                         | ✓ | acc=70.8% | cost=$0.0098
  [ 467/600] static_weak                         | ✓ | acc=70.9% | cost=$0.0098
  [ 468/600] static_weak                         | ✓ | acc=70.9% | cost=$0.0098
  [ 469/600] static_weak                         | ✓ | acc=71.0% | cost=$0.0098
  [ 470/600] static_weak                         | ✓ | acc=71.1% | cost=$0.0099
  [ 471/600] static_weak                         | ✓ | acc=71.1% | cost=$0.0099
  [ 472/600] static_weak                         | ✓ | acc=71.2% | cost=$0.0099
  [ 473/600] static_weak                         | ✓ | acc=71.2% | cost=$0.0099
  [ 474/600] static_weak                         | ✓ | acc=71.3% | cost=$0.0099
  [ 475/600] static_weak                         | ✓ | acc=71.4% | cost=$0.0099
  [ 476/600] static_weak                         | ✓ | acc=71.4% | cost=$0.0099
  [ 477/600] static_weak                         | ✓ | acc=71.5% | cost=$0.0100
  [ 478/600] static_weak                         | ✓ | acc=71.5% | cost=$0.0100
  [ 479/600] static_weak                         | ✓ | acc=71.6% | cost=$0.0100
  [ 480/600] static_weak                         | ✓ | acc=71.7% | cost=$0.0100
  [ 481/600] static_weak                         | ✗ | acc=71.5% | cost=$0.0101
  [ 482/600] static_weak                         | ✓ | acc=71.6% | cost=$0.0101
  [ 483/600] static_weak                         | ✗ | acc=71.4% | cost=$0.0101
  [ 484/600] static_weak                         | ✓ | acc=71.5% | cost=$0.0101
  [ 485/600] static_weak                         | ✓ | acc=71.5% | cost=$0.0101
  [ 486/600] static_weak                         | ✓ | acc=71.6% | cost=$0.0101
  [ 487/600] static_weak                         | ✓ | acc=71.7% | cost=$0.0102
  [ 488/600] static_weak                         | ✓ | acc=71.7% | cost=$0.0102
  [ 489/600] static_weak                         | ✓ | acc=71.8% | cost=$0.0102
  [ 490/600] static_weak                         | ✓ | acc=71.8% | cost=$0.0102
  [ 491/600] static_weak                         | ✓ | acc=71.9% | cost=$0.0102
  [ 492/600] static_weak                         | ✓ | acc=72.0% | cost=$0.0102
  [ 493/600] static_weak                         | ✓ | acc=72.0% | cost=$0.0102
  [ 494/600] static_weak                         | ✗ | acc=71.9% | cost=$0.0103
  [ 495/600] static_weak                         | ✓ | acc=71.9% | cost=$0.0103
  [ 496/600] static_weak                         | ✗ | acc=71.8% | cost=$0.0103
  [ 497/600] static_weak                         | ✓ | acc=71.8% | cost=$0.0103
  [ 498/600] static_weak                         | ✓ | acc=71.9% | cost=$0.0103
  [ 499/600] static_weak                         | ✓ | acc=71.9% | cost=$0.0103
  [ 500/600] static_weak                         | ✗ | acc=71.8% | cost=$0.0104
  [ 501/600] static_weak                         | ✗ | acc=71.7% | cost=$0.0104
  [ 502/600] static_weak                         | ✓ | acc=71.7% | cost=$0.0104
  [ 503/600] static_weak                         | ✓ | acc=71.8% | cost=$0.0104
  [ 504/600] static_weak                         | ✓ | acc=71.8% | cost=$0.0104
  [ 505/600] static_weak                         | ✓ | acc=71.9% | cost=$0.0104
  [ 506/600] static_weak                         | ✓ | acc=71.9% | cost=$0.0105
  [ 507/600] static_weak                         | ✓ | acc=72.0% | cost=$0.0105
  [ 508/600] static_weak                         | ✗ | acc=71.9% | cost=$0.0105
  [ 509/600] static_weak                         | ✓ | acc=71.9% | cost=$0.0105
  [ 510/600] static_weak                         | ✓ | acc=72.0% | cost=$0.0105
  [ 511/600] static_weak                         | ✓ | acc=72.0% | cost=$0.0106
  [ 512/600] static_weak                         | ✓ | acc=72.1% | cost=$0.0106
  [ 513/600] static_weak                         | ✗ | acc=71.9% | cost=$0.0106
  [ 514/600] static_weak                         | ✗ | acc=71.8% | cost=$0.0106
  [ 515/600] static_weak                         | ✓ | acc=71.8% | cost=$0.0106
  [ 516/600] static_weak                         | ✓ | acc=71.9% | cost=$0.0106
  [ 517/600] static_weak                         | ✓ | acc=72.0% | cost=$0.0107
  [ 518/600] static_weak                         | ✓ | acc=72.0% | cost=$0.0107
  [ 519/600] static_weak                         | ✗ | acc=71.9% | cost=$0.0107
  [ 520/600] static_weak                         | ✓ | acc=71.9% | cost=$0.0107
  [ 521/600] static_weak                         | ✓ | acc=72.0% | cost=$0.0107
  [ 522/600] static_weak                         | ✓ | acc=72.0% | cost=$0.0107
  [ 523/600] static_weak                         | ✗ | acc=71.9% | cost=$0.0108
  [ 524/600] static_weak                         | ✓ | acc=71.9% | cost=$0.0108
  [ 525/600] static_weak                         | ✓ | acc=72.0% | cost=$0.0108
  [ 526/600] static_weak                         | ✓ | acc=72.1% | cost=$0.0108
  [ 527/600] static_weak                         | ✓ | acc=72.1% | cost=$0.0108
  [ 528/600] static_weak                         | ✓ | acc=72.2% | cost=$0.0108
  [ 529/600] static_weak                         | ✓ | acc=72.2% | cost=$0.0109
  [ 530/600] static_weak                         | ✓ | acc=72.3% | cost=$0.0109
  [ 531/600] static_weak                         | ✗ | acc=72.1% | cost=$0.0109
  [ 532/600] static_weak                         | ✓ | acc=72.2% | cost=$0.0109
  [ 533/600] static_weak                         | ✓ | acc=72.2% | cost=$0.0109
  [ 534/600] static_weak                         | ✓ | acc=72.3% | cost=$0.0109
  [ 535/600] static_weak                         | ✓ | acc=72.3% | cost=$0.0109
  [ 536/600] static_weak                         | ✗ | acc=72.2% | cost=$0.0110
  [ 537/600] static_weak                         | ✗ | acc=72.1% | cost=$0.0110
  [ 538/600] static_weak                         | ✓ | acc=72.1% | cost=$0.0110
  [ 539/600] static_weak                         | ✓ | acc=72.2% | cost=$0.0110
  [ 540/600] static_weak                         | ✓ | acc=72.2% | cost=$0.0110
  [ 541/600] static_weak                         | ✓ | acc=72.3% | cost=$0.0111
  [ 542/600] static_weak                         | ✓ | acc=72.3% | cost=$0.0111
  [ 543/600] static_weak                         | ✓ | acc=72.4% | cost=$0.0111
  [ 544/600] static_weak                         | ✗ | acc=72.2% | cost=$0.0111
  [ 545/600] static_weak                         | ✓ | acc=72.3% | cost=$0.0111
  [ 546/600] static_weak                         | ✓ | acc=72.3% | cost=$0.0111
  [ 547/600] static_weak                         | ✓ | acc=72.4% | cost=$0.0111
  [ 548/600] static_weak                         | ✓ | acc=72.4% | cost=$0.0112
  [ 549/600] static_weak                         | ✗ | acc=72.3% | cost=$0.0112
  [ 550/600] static_weak                         | ✗ | acc=72.2% | cost=$0.0112
  [ 551/600] static_weak                         | ✓ | acc=72.2% | cost=$0.0112
  [ 552/600] static_weak                         | ✓ | acc=72.3% | cost=$0.0112
  [ 553/600] static_weak                         | ✓ | acc=72.3% | cost=$0.0112
  [ 554/600] static_weak                         | ✓ | acc=72.4% | cost=$0.0113
  [ 555/600] static_weak                         | ✓ | acc=72.4% | cost=$0.0113
  [ 556/600] static_weak                         | ✓ | acc=72.5% | cost=$0.0113
  [ 557/600] static_weak                         | ✓ | acc=72.5% | cost=$0.0113
  [ 558/600] static_weak                         | ✓ | acc=72.6% | cost=$0.0113
  [ 559/600] static_weak                         | ✓ | acc=72.6% | cost=$0.0113
  [ 560/600] static_weak                         | ✓ | acc=72.7% | cost=$0.0113
  [ 561/600] static_weak                         | ✓ | acc=72.7% | cost=$0.0114
  [ 562/600] static_weak                         | ✗ | acc=72.6% | cost=$0.0114
  [ 563/600] static_weak                         | ✗ | acc=72.5% | cost=$0.0114
  [ 564/600] static_weak                         | ✓ | acc=72.5% | cost=$0.0114
  [ 565/600] static_weak                         | ✗ | acc=72.4% | cost=$0.0114
  [ 566/600] static_weak                         | ✓ | acc=72.4% | cost=$0.0114
  [ 567/600] static_weak                         | ✓ | acc=72.5% | cost=$0.0114
  [ 568/600] static_weak                         | ✓ | acc=72.5% | cost=$0.0115
  [ 569/600] static_weak                         | ✓ | acc=72.6% | cost=$0.0115
  [ 570/600] static_weak                         | ✓ | acc=72.6% | cost=$0.0115
  [ 571/600] static_weak                         | ✓ | acc=72.7% | cost=$0.0115
  [ 572/600] static_weak                         | ✓ | acc=72.7% | cost=$0.0115
  [ 573/600] static_weak                         | ✓ | acc=72.8% | cost=$0.0115
  [ 574/600] static_weak                         | ✓ | acc=72.8% | cost=$0.0116
  [ 575/600] static_weak                         | ✓ | acc=72.9% | cost=$0.0116
  [ 576/600] static_weak                         | ✓ | acc=72.9% | cost=$0.0116
  [ 577/600] static_weak                         | ✓ | acc=73.0% | cost=$0.0116
  [ 578/600] static_weak                         | ✓ | acc=73.0% | cost=$0.0116
  [ 579/600] static_weak                         | ✓ | acc=73.1% | cost=$0.0116
  [ 580/600] static_weak                         | ✗ | acc=72.9% | cost=$0.0116
  [ 581/600] static_weak                         | ✓ | acc=73.0% | cost=$0.0116
  [ 582/600] static_weak                         | ✓ | acc=73.0% | cost=$0.0117
  [ 583/600] static_weak                         | ✓ | acc=73.1% | cost=$0.0117
  [ 584/600] static_weak                         | ✓ | acc=73.1% | cost=$0.0117
  [ 585/600] static_weak                         | ✓ | acc=73.2% | cost=$0.0117
  [ 586/600] static_weak                         | ✗ | acc=73.0% | cost=$0.0117
  [ 587/600] static_weak                         | ✓ | acc=73.1% | cost=$0.0117
  [ 588/600] static_weak                         | ✓ | acc=73.1% | cost=$0.0117
  [ 589/600] static_weak                         | ✓ | acc=73.2% | cost=$0.0118
  [ 590/600] static_weak                         | ✓ | acc=73.2% | cost=$0.0118
  [ 591/600] static_weak                         | ✓ | acc=73.3% | cost=$0.0118
  [ 592/600] static_weak                         | ✓ | acc=73.3% | cost=$0.0118
  [ 593/600] static_weak                         | ✗ | acc=73.2% | cost=$0.0118
  [ 594/600] static_weak                         | ✓ | acc=73.2% | cost=$0.0118
  [ 595/600] static_weak                         | ✓ | acc=73.3% | cost=$0.0119
  [ 596/600] static_weak                         | ✓ | acc=73.3% | cost=$0.0119
  [ 597/600] static_weak                         | ✗ | acc=73.2% | cost=$0.0119
  [ 598/600] static_weak                         | ✓ | acc=73.2% | cost=$0.0119
  [ 599/600] static_weak                         | ✓ | acc=73.3% | cost=$0.0119
  [ 600/600] static_weak                         | ✗ | acc=73.2% | cost=$0.0119
  DONE: n=600, acc=73.2%, cost=$0.0119

=== random_router_seed42 (tag=mmlu, 600 queries) ===
  [   1/600] random_router_seed42                | ✗ | acc=0.0% | cost=$0.0004
  [   2/600] random_router_seed42                | ✗ | acc=0.0% | cost=$0.0007
  [   3/600] random_router_seed42                | ✗ | acc=0.0% | cost=$0.0007
  [   4/600] random_router_seed42                | ✓ | acc=25.0% | cost=$0.0012
  [   5/600] random_router_seed42                | ✓ | acc=40.0% | cost=$0.0014
  [   6/600] random_router_seed42                | ✗ | acc=33.3% | cost=$0.0016
  [   7/600] random_router_seed42                | ✗ | acc=28.6% | cost=$0.0022
  [   8/600] random_router_seed42                | ✗ | acc=25.0% | cost=$0.0025
  [   9/600] random_router_seed42                | ✗ | acc=22.2% | cost=$0.0025
  [  10/600] random_router_seed42                | ✗ | acc=20.0% | cost=$0.0028
  [  11/600] random_router_seed42                | ✗ | acc=18.2% | cost=$0.0032
  [  12/600] random_router_seed42                | ✗ | acc=16.7% | cost=$0.0036
  [  13/600] random_router_seed42                | ✓ | acc=23.1% | cost=$0.0038
  [  14/600] random_router_seed42                | ✗ | acc=21.4% | cost=$0.0040
  [  15/600] random_router_seed42                | ✓ | acc=26.7% | cost=$0.0043
  [  16/600] random_router_seed42                | ✗ | acc=25.0% | cost=$0.0046
  [  17/600] random_router_seed42                | ✗ | acc=23.5% | cost=$0.0046
  [  18/600] random_router_seed42                | ✗ | acc=22.2% | cost=$0.0049
  [  19/600] random_router_seed42                | ✓ | acc=26.3% | cost=$0.0049
  [  20/600] random_router_seed42                | ✓ | acc=30.0% | cost=$0.0050
  [  21/600] random_router_seed42                | ✗ | acc=28.6% | cost=$0.0053
  [  22/600] random_router_seed42                | ✓ | acc=31.8% | cost=$0.0058
  [  23/600] random_router_seed42                | ✗ | acc=30.4% | cost=$0.0058
  [  24/600] random_router_seed42                | ✓ | acc=33.3% | cost=$0.0058
  [  25/600] random_router_seed42                | ✗ | acc=32.0% | cost=$0.0058
  [  26/600] random_router_seed42                | ✓ | acc=34.6% | cost=$0.0060
  [  27/600] random_router_seed42                | ✗ | acc=33.3% | cost=$0.0064
  [  28/600] random_router_seed42                | ✓ | acc=35.7% | cost=$0.0064
  [  29/600] random_router_seed42                | ✓ | acc=37.9% | cost=$0.0066
  [  30/600] random_router_seed42                | ✗ | acc=36.7% | cost=$0.0069
  [  31/600] random_router_seed42                | ✗ | acc=35.5% | cost=$0.0069
  [  32/600] random_router_seed42                | ✗ | acc=34.4% | cost=$0.0072
  [  33/600] random_router_seed42                | ✗ | acc=33.3% | cost=$0.0072
  [  34/600] random_router_seed42                | ✓ | acc=35.3% | cost=$0.0072
  [  35/600] random_router_seed42                | ✗ | acc=34.3% | cost=$0.0072
  [  36/600] random_router_seed42                | ✗ | acc=33.3% | cost=$0.0075
  [  37/600] random_router_seed42                | ✗ | acc=32.4% | cost=$0.0075
  [  38/600] random_router_seed42                | ✓ | acc=34.2% | cost=$0.0078
  [  39/600] random_router_seed42                | ✗ | acc=33.3% | cost=$0.0078
  [  40/600] random_router_seed42                | ✗ | acc=32.5% | cost=$0.0083
  [  41/600] random_router_seed42                | ✗ | acc=31.7% | cost=$0.0083
  [  42/600] random_router_seed42                | ✗ | acc=31.0% | cost=$0.0083
  [  43/600] random_router_seed42                | ✗ | acc=30.2% | cost=$0.0086
  [  44/600] random_router_seed42                | ✗ | acc=29.5% | cost=$0.0090
  [  45/600] random_router_seed42                | ✓ | acc=31.1% | cost=$0.0094
  [  46/600] random_router_seed42                | ✗ | acc=30.4% | cost=$0.0097
  [  47/600] random_router_seed42                | ✗ | acc=29.8% | cost=$0.0098
  [  48/600] random_router_seed42                | ✗ | acc=29.2% | cost=$0.0101
  [  49/600] random_router_seed42                | ✗ | acc=28.6% | cost=$0.0103
  [  50/600] random_router_seed42                | ✗ | acc=28.0% | cost=$0.0106
  [  51/600] random_router_seed42                | ✓ | acc=29.4% | cost=$0.0106
  [  52/600] random_router_seed42                | ✗ | acc=28.8% | cost=$0.0106
  [  53/600] random_router_seed42                | ✓ | acc=30.2% | cost=$0.0106
  [  54/600] random_router_seed42                | ✓ | acc=31.5% | cost=$0.0107
  [  55/600] random_router_seed42                | ✗ | acc=30.9% | cost=$0.0110
  [  56/600] random_router_seed42                | ✗ | acc=30.4% | cost=$0.0110
  [  57/600] random_router_seed42                | ✗ | acc=29.8% | cost=$0.0110
  [  58/600] random_router_seed42                | ✗ | acc=29.3% | cost=$0.0114
  [  59/600] random_router_seed42                | ✗ | acc=28.8% | cost=$0.0114
  [  60/600] random_router_seed42                | ✗ | acc=28.3% | cost=$0.0117
  [  61/600] random_router_seed42                | ✗ | acc=27.9% | cost=$0.0119
  [  62/600] random_router_seed42                | ✗ | acc=27.4% | cost=$0.0122
  [  63/600] random_router_seed42                | ✗ | acc=27.0% | cost=$0.0126
  [  64/600] random_router_seed42                | ✗ | acc=26.6% | cost=$0.0126
  [  65/600] random_router_seed42                | ✗ | acc=26.2% | cost=$0.0126
  [  66/600] random_router_seed42                | ✗ | acc=25.8% | cost=$0.0126
  [  67/600] random_router_seed42                | ✗ | acc=25.4% | cost=$0.0129
  [  68/600] random_router_seed42                | ✗ | acc=25.0% | cost=$0.0129
  [  69/600] random_router_seed42                | ✓ | acc=26.1% | cost=$0.0132
  [  70/600] random_router_seed42                | ✗ | acc=25.7% | cost=$0.0136
  [  71/600] random_router_seed42                | ✗ | acc=25.4% | cost=$0.0139
  [  72/600] random_router_seed42                | ✗ | acc=25.0% | cost=$0.0139
  [  73/600] random_router_seed42                | ✗ | acc=24.7% | cost=$0.0139
  [  74/600] random_router_seed42                | ✗ | acc=24.3% | cost=$0.0140
  [  75/600] random_router_seed42                | ✓ | acc=25.3% | cost=$0.0142
  [  76/600] random_router_seed42                | ✓ | acc=26.3% | cost=$0.0147
  [  77/600] random_router_seed42                | ✗ | acc=26.0% | cost=$0.0147
  [  78/600] random_router_seed42                | ✓ | acc=26.9% | cost=$0.0151
  [  79/600] random_router_seed42                | ✗ | acc=26.6% | cost=$0.0151
  [  80/600] random_router_seed42                | ✓ | acc=27.5% | cost=$0.0151
  [  81/600] random_router_seed42                | ✗ | acc=27.2% | cost=$0.0152
  [  82/600] random_router_seed42                | ✗ | acc=26.8% | cost=$0.0156
  [  83/600] random_router_seed42                | ✗ | acc=26.5% | cost=$0.0156
  [  84/600] random_router_seed42                | ✓ | acc=27.4% | cost=$0.0161
  [  85/600] random_router_seed42                | ✓ | acc=28.2% | cost=$0.0168
  [  86/600] random_router_seed42                | ✗ | acc=27.9% | cost=$0.0169
  [  87/600] random_router_seed42                | ✗ | acc=27.6% | cost=$0.0169
  [  88/600] random_router_seed42                | ✗ | acc=27.3% | cost=$0.0169
  [  89/600] random_router_seed42                | ✗ | acc=27.0% | cost=$0.0169
  [  90/600] random_router_seed42                | ✗ | acc=26.7% | cost=$0.0172
  [  91/600] random_router_seed42                | ✗ | acc=26.4% | cost=$0.0176
  [  92/600] random_router_seed42                | ✓ | acc=27.2% | cost=$0.0176
  [  93/600] random_router_seed42                | ✓ | acc=28.0% | cost=$0.0180
  [  94/600] random_router_seed42                | ✗ | acc=27.7% | cost=$0.0183
  [  95/600] random_router_seed42                | ✗ | acc=27.4% | cost=$0.0187
  [  96/600] random_router_seed42                | ✗ | acc=27.1% | cost=$0.0190
  [  97/600] random_router_seed42                | ✗ | acc=26.8% | cost=$0.0194
  [  98/600] random_router_seed42                | ✓ | acc=27.6% | cost=$0.0194
  [  99/600] random_router_seed42                | ✗ | acc=27.3% | cost=$0.0198
  [ 100/600] random_router_seed42                | ✓ | acc=28.0% | cost=$0.0198
  [ 101/600] random_router_seed42                | ✓ | acc=28.7% | cost=$0.0198
  [ 102/600] random_router_seed42                | ✓ | acc=29.4% | cost=$0.0198
  [ 103/600] random_router_seed42                | ✓ | acc=30.1% | cost=$0.0199
  [ 104/600] random_router_seed42                | ✓ | acc=30.8% | cost=$0.0202
  [ 105/600] random_router_seed42                | ✗ | acc=30.5% | cost=$0.0205
  [ 106/600] random_router_seed42                | ✗ | acc=30.2% | cost=$0.0205
  [ 107/600] random_router_seed42                | ✗ | acc=29.9% | cost=$0.0205
  [ 108/600] random_router_seed42                | ✓ | acc=30.6% | cost=$0.0208
  [ 109/600] random_router_seed42                | ✗ | acc=30.3% | cost=$0.0208
  [ 110/600] random_router_seed42                | ✓ | acc=30.9% | cost=$0.0208
  [ 111/600] random_router_seed42                | ✓ | acc=31.5% | cost=$0.0211
  [ 112/600] random_router_seed42                | ✗ | acc=31.2% | cost=$0.0211
  [ 113/600] random_router_seed42                | ✓ | acc=31.9% | cost=$0.0215
  [ 114/600] random_router_seed42                | ✓ | acc=32.5% | cost=$0.0215
  [ 115/600] random_router_seed42                | ✗ | acc=32.2% | cost=$0.0219
  [ 116/600] random_router_seed42                | ✗ | acc=31.9% | cost=$0.0222
  [ 117/600] random_router_seed42                | ✗ | acc=31.6% | cost=$0.0222
  [ 118/600] random_router_seed42                | ✓ | acc=32.2% | cost=$0.0227
  [ 119/600] random_router_seed42                | ✗ | acc=31.9% | cost=$0.0230
  [ 120/600] random_router_seed42                | ✗ | acc=31.7% | cost=$0.0230
  [ 121/600] random_router_seed42                | ✓ | acc=32.2% | cost=$0.0234
  [ 122/600] random_router_seed42                | ✓ | acc=32.8% | cost=$0.0236
  [ 123/600] random_router_seed42                | ✓ | acc=33.3% | cost=$0.0237
  [ 124/600] random_router_seed42                | ✓ | acc=33.9% | cost=$0.0237
  [ 125/600] random_router_seed42                | ✓ | acc=34.4% | cost=$0.0239
  [ 126/600] random_router_seed42                | ✓ | acc=34.9% | cost=$0.0242
  [ 127/600] random_router_seed42                | ✓ | acc=35.4% | cost=$0.0242
  [ 128/600] random_router_seed42                | ✓ | acc=35.9% | cost=$0.0242
  [ 129/600] random_router_seed42                | ✓ | acc=36.4% | cost=$0.0245
  [ 130/600] random_router_seed42                | ✓ | acc=36.9% | cost=$0.0247
  [ 131/600] random_router_seed42                | ✓ | acc=37.4% | cost=$0.0251
  [ 132/600] random_router_seed42                | ✓ | acc=37.9% | cost=$0.0254
  [ 133/600] random_router_seed42                | ✗ | acc=37.6% | cost=$0.0257
  [ 134/600] random_router_seed42                | ✗ | acc=37.3% | cost=$0.0258
  [ 135/600] random_router_seed42                | ✓ | acc=37.8% | cost=$0.0261
  [ 136/600] random_router_seed42                | ✓ | acc=38.2% | cost=$0.0263
  [ 137/600] random_router_seed42                | ✗ | acc=38.0% | cost=$0.0267
  [ 138/600] random_router_seed42                | ✓ | acc=38.4% | cost=$0.0267
  [ 139/600] random_router_seed42                | ✓ | acc=38.8% | cost=$0.0270
  [ 140/600] random_router_seed42                | ✗ | acc=38.6% | cost=$0.0270
  [ 141/600] random_router_seed42                | ✗ | acc=38.3% | cost=$0.0270
  [ 142/600] random_router_seed42                | ✓ | acc=38.7% | cost=$0.0273
  [ 143/600] random_router_seed42                | ✓ | acc=39.2% | cost=$0.0276
  [ 144/600] random_router_seed42                | ✓ | acc=39.6% | cost=$0.0276
  [ 145/600] random_router_seed42                | ✓ | acc=40.0% | cost=$0.0276
  [ 146/600] random_router_seed42                | ✓ | acc=40.4% | cost=$0.0276
  [ 147/600] random_router_seed42                | ✗ | acc=40.1% | cost=$0.0276
  [ 148/600] random_router_seed42                | ✓ | acc=40.5% | cost=$0.0276
  [ 149/600] random_router_seed42                | ✓ | acc=40.9% | cost=$0.0279
  [ 150/600] random_router_seed42                | ✗ | acc=40.7% | cost=$0.0281
  [ 151/600] random_router_seed42                | ✓ | acc=41.1% | cost=$0.0285
  [ 152/600] random_router_seed42                | ✓ | acc=41.4% | cost=$0.0288
  [ 153/600] random_router_seed42                | ✓ | acc=41.8% | cost=$0.0288
  [ 154/600] random_router_seed42                | ✓ | acc=42.2% | cost=$0.0291
  [ 155/600] random_router_seed42                | ✗ | acc=41.9% | cost=$0.0293
  [ 156/600] random_router_seed42                | ✓ | acc=42.3% | cost=$0.0297
  [ 157/600] random_router_seed42                | ✗ | acc=42.0% | cost=$0.0300
  [ 158/600] random_router_seed42                | ✓ | acc=42.4% | cost=$0.0303
  [ 159/600] random_router_seed42                | ✗ | acc=42.1% | cost=$0.0306
  [ 160/600] random_router_seed42                | ✓ | acc=42.5% | cost=$0.0310
  [ 161/600] random_router_seed42                | ✗ | acc=42.2% | cost=$0.0312
  [ 162/600] random_router_seed42                | ✓ | acc=42.6% | cost=$0.0316
  [ 163/600] random_router_seed42                | ✓ | acc=42.9% | cost=$0.0316
  [ 164/600] random_router_seed42                | ✓ | acc=43.3% | cost=$0.0321
  [ 165/600] random_router_seed42                | ✓ | acc=43.6% | cost=$0.0323
  [ 166/600] random_router_seed42                | ✓ | acc=44.0% | cost=$0.0323
  [ 167/600] random_router_seed42                | ✓ | acc=44.3% | cost=$0.0324
  [ 168/600] random_router_seed42                | ✓ | acc=44.6% | cost=$0.0326
  [ 169/600] random_router_seed42                | ✓ | acc=45.0% | cost=$0.0330
  [ 170/600] random_router_seed42                | ✓ | acc=45.3% | cost=$0.0330
  [ 171/600] random_router_seed42                | ✓ | acc=45.6% | cost=$0.0333
  [ 172/600] random_router_seed42                | ✗ | acc=45.3% | cost=$0.0333
  [ 173/600] random_router_seed42                | ✓ | acc=45.7% | cost=$0.0334
  [ 174/600] random_router_seed42                | ✓ | acc=46.0% | cost=$0.0336
  [ 175/600] random_router_seed42                | ✗ | acc=45.7% | cost=$0.0338
  [ 176/600] random_router_seed42                | ✓ | acc=46.0% | cost=$0.0340
  [ 177/600] random_router_seed42                | ✓ | acc=46.3% | cost=$0.0340
  [ 178/600] random_router_seed42                | ✓ | acc=46.6% | cost=$0.0341
  [ 179/600] random_router_seed42                | ✗ | acc=46.4% | cost=$0.0341
  [ 180/600] random_router_seed42                | ✓ | acc=46.7% | cost=$0.0341
  [ 181/600] random_router_seed42                | ✓ | acc=47.0% | cost=$0.0341
  [ 182/600] random_router_seed42                | ✓ | acc=47.3% | cost=$0.0344
  [ 183/600] random_router_seed42                | ✓ | acc=47.5% | cost=$0.0347
  [ 184/600] random_router_seed42                | ✓ | acc=47.8% | cost=$0.0353
  [ 185/600] random_router_seed42                | ✓ | acc=48.1% | cost=$0.0353
  [ 186/600] random_router_seed42                | ✓ | acc=48.4% | cost=$0.0353
  [ 187/600] random_router_seed42                | ✓ | acc=48.7% | cost=$0.0357
  [ 188/600] random_router_seed42                | ✓ | acc=48.9% | cost=$0.0360
  [ 189/600] random_router_seed42                | ✓ | acc=49.2% | cost=$0.0363
  [ 190/600] random_router_seed42                | ✓ | acc=49.5% | cost=$0.0368
  [ 191/600] random_router_seed42                | ✓ | acc=49.7% | cost=$0.0368
  [ 192/600] random_router_seed42                | ✓ | acc=50.0% | cost=$0.0370
  [ 193/600] random_router_seed42                | ✗ | acc=49.7% | cost=$0.0371
  [ 194/600] random_router_seed42                | ✓ | acc=50.0% | cost=$0.0373
  [ 195/600] random_router_seed42                | ✗ | acc=49.7% | cost=$0.0374
  [ 196/600] random_router_seed42                | ✓ | acc=50.0% | cost=$0.0374
  [ 197/600] random_router_seed42                | ✓ | acc=50.3% | cost=$0.0376
  [ 198/600] random_router_seed42                | ✓ | acc=50.5% | cost=$0.0379
  [ 199/600] random_router_seed42                | ✓ | acc=50.8% | cost=$0.0379
  [ 200/600] random_router_seed42                | ✓ | acc=51.0% | cost=$0.0382
  [ 201/600] random_router_seed42                | ✓ | acc=51.2% | cost=$0.0386
  [ 202/600] random_router_seed42                | ✓ | acc=51.5% | cost=$0.0389
  [ 203/600] random_router_seed42                | ✓ | acc=51.7% | cost=$0.0392
  [ 204/600] random_router_seed42                | ✓ | acc=52.0% | cost=$0.0395
  [ 205/600] random_router_seed42                | ✓ | acc=52.2% | cost=$0.0397
  [ 206/600] random_router_seed42                | ✓ | acc=52.4% | cost=$0.0397
  [ 207/600] random_router_seed42                | ✓ | acc=52.7% | cost=$0.0397
  [ 208/600] random_router_seed42                | ✓ | acc=52.9% | cost=$0.0397
  [ 209/600] random_router_seed42                | ✓ | acc=53.1% | cost=$0.0400
  [ 210/600] random_router_seed42                | ✓ | acc=53.3% | cost=$0.0400
  [ 211/600] random_router_seed42                | ✗ | acc=53.1% | cost=$0.0406
  [ 212/600] random_router_seed42                | ✗ | acc=52.8% | cost=$0.0410
  [ 213/600] random_router_seed42                | ✓ | acc=53.1% | cost=$0.0410
  [ 214/600] random_router_seed42                | ✗ | acc=52.8% | cost=$0.0413
  [ 215/600] random_router_seed42                | ✓ | acc=53.0% | cost=$0.0413
  [ 216/600] random_router_seed42                | ✓ | acc=53.2% | cost=$0.0413
  [ 217/600] random_router_seed42                | ✓ | acc=53.5% | cost=$0.0413
  [ 218/600] random_router_seed42                | ✓ | acc=53.7% | cost=$0.0413
  [ 219/600] random_router_seed42                | ✓ | acc=53.9% | cost=$0.0413
  [ 220/600] random_router_seed42                | ✓ | acc=54.1% | cost=$0.0414
  [ 221/600] random_router_seed42                | ✓ | acc=54.3% | cost=$0.0418
  [ 222/600] random_router_seed42                | ✓ | acc=54.5% | cost=$0.0421
  [ 223/600] random_router_seed42                | ✓ | acc=54.7% | cost=$0.0421
  [ 224/600] random_router_seed42                | ✓ | acc=54.9% | cost=$0.0423
  [ 225/600] random_router_seed42                | ✓ | acc=55.1% | cost=$0.0426
  [ 226/600] random_router_seed42                | ✓ | acc=55.3% | cost=$0.0428
  [ 227/600] random_router_seed42                | ✓ | acc=55.5% | cost=$0.0428
  [ 228/600] random_router_seed42                | ✓ | acc=55.7% | cost=$0.0431
  [ 229/600] random_router_seed42                | ✓ | acc=55.9% | cost=$0.0433
  [ 230/600] random_router_seed42                | ✓ | acc=56.1% | cost=$0.0433
  [ 231/600] random_router_seed42                | ✓ | acc=56.3% | cost=$0.0436
  [ 232/600] random_router_seed42                | ✓ | acc=56.5% | cost=$0.0439
  [ 233/600] random_router_seed42                | ✗ | acc=56.2% | cost=$0.0442
  [ 234/600] random_router_seed42                | ✓ | acc=56.4% | cost=$0.0446
  [ 235/600] random_router_seed42                | ✓ | acc=56.6% | cost=$0.0448
  [ 236/600] random_router_seed42                | ✓ | acc=56.8% | cost=$0.0452
  [ 237/600] random_router_seed42                | ✓ | acc=57.0% | cost=$0.0455
  [ 238/600] random_router_seed42                | ✓ | acc=57.1% | cost=$0.0455
  [ 239/600] random_router_seed42                | ✓ | acc=57.3% | cost=$0.0458
  [ 240/600] random_router_seed42                | ✓ | acc=57.5% | cost=$0.0460
  [ 241/600] random_router_seed42                | ✓ | acc=57.7% | cost=$0.0462
  [ 242/600] random_router_seed42                | ✓ | acc=57.9% | cost=$0.0472
  [ 243/600] random_router_seed42                | ✓ | acc=58.0% | cost=$0.0472
  [ 244/600] random_router_seed42                | ✗ | acc=57.8% | cost=$0.0472
  [ 245/600] random_router_seed42                | ✓ | acc=58.0% | cost=$0.0473
  [ 246/600] random_router_seed42                | ✓ | acc=58.1% | cost=$0.0475
  [ 247/600] random_router_seed42                | ✓ | acc=58.3% | cost=$0.0476
  [ 248/600] random_router_seed42                | ✓ | acc=58.5% | cost=$0.0486
  [ 249/600] random_router_seed42                | ✓ | acc=58.6% | cost=$0.0486
  [ 250/600] random_router_seed42                | ✓ | acc=58.8% | cost=$0.0486
  [ 251/600] random_router_seed42                | ✗ | acc=58.6% | cost=$0.0489
  [ 252/600] random_router_seed42                | ✓ | acc=58.7% | cost=$0.0489
  [ 253/600] random_router_seed42                | ✓ | acc=58.9% | cost=$0.0490
  [ 254/600] random_router_seed42                | ✗ | acc=58.7% | cost=$0.0490
  [ 255/600] random_router_seed42                | ✓ | acc=58.8% | cost=$0.0492
  [ 256/600] random_router_seed42                | ✓ | acc=59.0% | cost=$0.0501
  [ 257/600] random_router_seed42                | ✓ | acc=59.1% | cost=$0.0502
  [ 258/600] random_router_seed42                | ✓ | acc=59.3% | cost=$0.0504
  [ 259/600] random_router_seed42                | ✗ | acc=59.1% | cost=$0.0510
  [ 260/600] random_router_seed42                | ✓ | acc=59.2% | cost=$0.0519
  [ 261/600] random_router_seed42                | ✓ | acc=59.4% | cost=$0.0519
  [ 262/600] random_router_seed42                | ✓ | acc=59.5% | cost=$0.0522
  [ 263/600] random_router_seed42                | ✗ | acc=59.3% | cost=$0.0522
  [ 264/600] random_router_seed42                | ✓ | acc=59.5% | cost=$0.0534
  [ 265/600] random_router_seed42                | ✓ | acc=59.6% | cost=$0.0540
  [ 266/600] random_router_seed42                | ✓ | acc=59.8% | cost=$0.0541
  [ 267/600] random_router_seed42                | ✗ | acc=59.6% | cost=$0.0541
  [ 268/600] random_router_seed42                | ✓ | acc=59.7% | cost=$0.0546
  [ 269/600] random_router_seed42                | ✓ | acc=59.9% | cost=$0.0546
  [ 270/600] random_router_seed42                | ✓ | acc=60.0% | cost=$0.0547
  [ 271/600] random_router_seed42                | ✓ | acc=60.1% | cost=$0.0555
  [ 272/600] random_router_seed42                | ✓ | acc=60.3% | cost=$0.0556
  [ 273/600] random_router_seed42                | ✓ | acc=60.4% | cost=$0.0558
  [ 274/600] random_router_seed42                | ✓ | acc=60.6% | cost=$0.0562
  [ 275/600] random_router_seed42                | ✓ | acc=60.7% | cost=$0.0562
  [ 276/600] random_router_seed42                | ✓ | acc=60.9% | cost=$0.0572
  [ 277/600] random_router_seed42                | ✓ | acc=61.0% | cost=$0.0574
  [ 278/600] random_router_seed42                | ✗ | acc=60.8% | cost=$0.0579
  [ 279/600] random_router_seed42                | ✓ | acc=60.9% | cost=$0.0579
  [ 280/600] random_router_seed42                | ✓ | acc=61.1% | cost=$0.0579
  [ 281/600] random_router_seed42                | ✓ | acc=61.2% | cost=$0.0582
  [ 282/600] random_router_seed42                | ✓ | acc=61.3% | cost=$0.0582
  [ 283/600] random_router_seed42                | ✓ | acc=61.5% | cost=$0.0585
  [ 284/600] random_router_seed42                | ✓ | acc=61.6% | cost=$0.0586
  [ 285/600] random_router_seed42                | ✓ | acc=61.8% | cost=$0.0586
  [ 286/600] random_router_seed42                | ✓ | acc=61.9% | cost=$0.0587
  [ 287/600] random_router_seed42                | ✓ | acc=62.0% | cost=$0.0599
  [ 288/600] random_router_seed42                | ✓ | acc=62.2% | cost=$0.0610
  [ 289/600] random_router_seed42                | ✓ | acc=62.3% | cost=$0.0610
  [ 290/600] random_router_seed42                | ✗ | acc=62.1% | cost=$0.0610
  [ 291/600] random_router_seed42                | ✓ | acc=62.2% | cost=$0.0612
  [ 292/600] random_router_seed42                | ✓ | acc=62.3% | cost=$0.0624
  [ 293/600] random_router_seed42                | ✓ | acc=62.5% | cost=$0.0624
  [ 294/600] random_router_seed42                | ✓ | acc=62.6% | cost=$0.0633
  [ 295/600] random_router_seed42                | ✓ | acc=62.7% | cost=$0.0634
  [ 296/600] random_router_seed42                | ✓ | acc=62.8% | cost=$0.0637
  [ 297/600] random_router_seed42                | ✓ | acc=63.0% | cost=$0.0637
  [ 298/600] random_router_seed42                | ✓ | acc=63.1% | cost=$0.0637
  [ 299/600] random_router_seed42                | ✓ | acc=63.2% | cost=$0.0640
  [ 300/600] random_router_seed42                | ✓ | acc=63.3% | cost=$0.0642
  [ 301/600] random_router_seed42                | ✓ | acc=63.5% | cost=$0.0651
  [ 302/600] random_router_seed42                | ✓ | acc=63.6% | cost=$0.0654
  [ 303/600] random_router_seed42                | ✓ | acc=63.7% | cost=$0.0658
  [ 304/600] random_router_seed42                | ✓ | acc=63.8% | cost=$0.0658
  [ 305/600] random_router_seed42                | ✓ | acc=63.9% | cost=$0.0667
  [ 306/600] random_router_seed42                | ✓ | acc=64.1% | cost=$0.0668
  [ 307/600] random_router_seed42                | ✓ | acc=64.2% | cost=$0.0670
  [ 308/600] random_router_seed42                | ✓ | acc=64.3% | cost=$0.0678
  [ 309/600] random_router_seed42                | ✓ | acc=64.4% | cost=$0.0678
  [ 310/600] random_router_seed42                | ✗ | acc=64.2% | cost=$0.0678
  [ 311/600] random_router_seed42                | ✓ | acc=64.3% | cost=$0.0685
  [ 312/600] random_router_seed42                | ✓ | acc=64.4% | cost=$0.0685
  [ 313/600] random_router_seed42                | ✓ | acc=64.5% | cost=$0.0687
  [ 314/600] random_router_seed42                | ✓ | acc=64.6% | cost=$0.0695
  [ 315/600] random_router_seed42                | ✗ | acc=64.4% | cost=$0.0697
  [ 316/600] random_router_seed42                | ✗ | acc=64.2% | cost=$0.0697
  [ 317/600] random_router_seed42                | ✓ | acc=64.4% | cost=$0.0698
  [ 318/600] random_router_seed42                | ✓ | acc=64.5% | cost=$0.0700
  [ 319/600] random_router_seed42                | ✓ | acc=64.6% | cost=$0.0706
  [ 320/600] random_router_seed42                | ✓ | acc=64.7% | cost=$0.0716
  [ 321/600] random_router_seed42                | ✓ | acc=64.8% | cost=$0.0718
  [ 322/600] random_router_seed42                | ✓ | acc=64.9% | cost=$0.0718
  [ 323/600] random_router_seed42                | ✓ | acc=65.0% | cost=$0.0720
  [ 324/600] random_router_seed42                | ✓ | acc=65.1% | cost=$0.0722
  [ 325/600] random_router_seed42                | ✓ | acc=65.2% | cost=$0.0723
  [ 326/600] random_router_seed42                | ✓ | acc=65.3% | cost=$0.0724
  [ 327/600] random_router_seed42                | ✓ | acc=65.4% | cost=$0.0733
  [ 328/600] random_router_seed42                | ✗ | acc=65.2% | cost=$0.0733
  [ 329/600] random_router_seed42                | ✓ | acc=65.3% | cost=$0.0735
  [ 330/600] random_router_seed42                | ✓ | acc=65.5% | cost=$0.0739
  [ 331/600] random_router_seed42                | ✓ | acc=65.6% | cost=$0.0739
  [ 332/600] random_router_seed42                | ✓ | acc=65.7% | cost=$0.0742
  [ 333/600] random_router_seed42                | ✓ | acc=65.8% | cost=$0.0743
  [ 334/600] random_router_seed42                | ✓ | acc=65.9% | cost=$0.0752
  [ 335/600] random_router_seed42                | ✓ | acc=66.0% | cost=$0.0754
  [ 336/600] random_router_seed42                | ✓ | acc=66.1% | cost=$0.0755
  [ 337/600] random_router_seed42                | ✓ | acc=66.2% | cost=$0.0755
  [ 338/600] random_router_seed42                | ✓ | acc=66.3% | cost=$0.0756
  [ 339/600] random_router_seed42                | ✓ | acc=66.4% | cost=$0.0759
  [ 340/600] random_router_seed42                | ✓ | acc=66.5% | cost=$0.0768
  [ 341/600] random_router_seed42                | ✓ | acc=66.6% | cost=$0.0777
  [ 342/600] random_router_seed42                | ✓ | acc=66.7% | cost=$0.0781
  [ 343/600] random_router_seed42                | ✓ | acc=66.8% | cost=$0.0782
  [ 344/600] random_router_seed42                | ✓ | acc=66.9% | cost=$0.0782
  [ 345/600] random_router_seed42                | ✓ | acc=67.0% | cost=$0.0782
  [ 346/600] random_router_seed42                | ✓ | acc=67.1% | cost=$0.0788
  [ 347/600] random_router_seed42                | ✓ | acc=67.1% | cost=$0.0788
  [ 348/600] random_router_seed42                | ✓ | acc=67.2% | cost=$0.0789
  [ 349/600] random_router_seed42                | ✗ | acc=67.0% | cost=$0.0789
  [ 350/600] random_router_seed42                | ✓ | acc=67.1% | cost=$0.0789
  [ 351/600] random_router_seed42                | ✗ | acc=67.0% | cost=$0.0795
  [ 352/600] random_router_seed42                | ✓ | acc=67.0% | cost=$0.0801
  [ 353/600] random_router_seed42                | ✓ | acc=67.1% | cost=$0.0801
  [ 354/600] random_router_seed42                | ✓ | acc=67.2% | cost=$0.0813
  [ 355/600] random_router_seed42                | ✓ | acc=67.3% | cost=$0.0814
  [ 356/600] random_router_seed42                | ✓ | acc=67.4% | cost=$0.0824
  [ 357/600] random_router_seed42                | ✓ | acc=67.5% | cost=$0.0826
  [ 358/600] random_router_seed42                | ✓ | acc=67.6% | cost=$0.0827
  [ 359/600] random_router_seed42                | ✓ | acc=67.7% | cost=$0.0827
  [ 360/600] random_router_seed42                | ✓ | acc=67.8% | cost=$0.0827
  [ 361/600] random_router_seed42                | ✓ | acc=67.9% | cost=$0.0827
  [ 362/600] random_router_seed42                | ✓ | acc=68.0% | cost=$0.0832
  [ 363/600] random_router_seed42                | ✓ | acc=68.0% | cost=$0.0832
  [ 364/600] random_router_seed42                | ✓ | acc=68.1% | cost=$0.0835
  [ 365/600] random_router_seed42                | ✗ | acc=67.9% | cost=$0.0835
  [ 366/600] random_router_seed42                | ✓ | acc=68.0% | cost=$0.0837
  [ 367/600] random_router_seed42                | ✓ | acc=68.1% | cost=$0.0838
  [ 368/600] random_router_seed42                | ✓ | acc=68.2% | cost=$0.0840
  [ 369/600] random_router_seed42                | ✓ | acc=68.3% | cost=$0.0843
  [ 370/600] random_router_seed42                | ✓ | acc=68.4% | cost=$0.0843
  [ 371/600] random_router_seed42                | ✓ | acc=68.5% | cost=$0.0843
  [ 372/600] random_router_seed42                | ✓ | acc=68.5% | cost=$0.0846
  [ 373/600] random_router_seed42                | ✓ | acc=68.6% | cost=$0.0846
  [ 374/600] random_router_seed42                | ✓ | acc=68.7% | cost=$0.0846
  [ 375/600] random_router_seed42                | ✓ | acc=68.8% | cost=$0.0849
  [ 376/600] random_router_seed42                | ✓ | acc=68.9% | cost=$0.0849
  [ 377/600] random_router_seed42                | ✓ | acc=69.0% | cost=$0.0849
  [ 378/600] random_router_seed42                | ✓ | acc=69.0% | cost=$0.0850
  [ 379/600] random_router_seed42                | ✓ | acc=69.1% | cost=$0.0850
  [ 380/600] random_router_seed42                | ✓ | acc=69.2% | cost=$0.0850
  [ 381/600] random_router_seed42                | ✓ | acc=69.3% | cost=$0.0850
  [ 382/600] random_router_seed42                | ✓ | acc=69.4% | cost=$0.0854
  [ 383/600] random_router_seed42                | ✓ | acc=69.5% | cost=$0.0857
  [ 384/600] random_router_seed42                | ✓ | acc=69.5% | cost=$0.0857
  [ 385/600] random_router_seed42                | ✗ | acc=69.4% | cost=$0.0858
  [ 386/600] random_router_seed42                | ✓ | acc=69.4% | cost=$0.0860
  [ 387/600] random_router_seed42                | ✓ | acc=69.5% | cost=$0.0860
  [ 388/600] random_router_seed42                | ✓ | acc=69.6% | cost=$0.0860
  [ 389/600] random_router_seed42                | ✗ | acc=69.4% | cost=$0.0863
  [ 390/600] random_router_seed42                | ✓ | acc=69.5% | cost=$0.0863
  [ 391/600] random_router_seed42                | ✓ | acc=69.6% | cost=$0.0864
  [ 392/600] random_router_seed42                | ✓ | acc=69.6% | cost=$0.0866
  [ 393/600] random_router_seed42                | ✓ | acc=69.7% | cost=$0.0866
  [ 394/600] random_router_seed42                | ✓ | acc=69.8% | cost=$0.0866
  [ 395/600] random_router_seed42                | ✓ | acc=69.9% | cost=$0.0866
  [ 396/600] random_router_seed42                | ✓ | acc=69.9% | cost=$0.0866
  [ 397/600] random_router_seed42                | ✓ | acc=70.0% | cost=$0.0867
  [ 398/600] random_router_seed42                | ✓ | acc=70.1% | cost=$0.0869
  [ 399/600] random_router_seed42                | ✓ | acc=70.2% | cost=$0.0869
  [ 400/600] random_router_seed42                | ✓ | acc=70.2% | cost=$0.0873
  [ 401/600] random_router_seed42                | ✓ | acc=70.3% | cost=$0.0875
  [ 402/600] random_router_seed42                | ✓ | acc=70.4% | cost=$0.0875
  [ 403/600] random_router_seed42                | ✓ | acc=70.5% | cost=$0.0876
  [ 404/600] random_router_seed42                | ✓ | acc=70.5% | cost=$0.0878
  [ 405/600] random_router_seed42                | ✓ | acc=70.6% | cost=$0.0881
  [ 406/600] random_router_seed42                | ✓ | acc=70.7% | cost=$0.0882
  [ 407/600] random_router_seed42                | ✓ | acc=70.8% | cost=$0.0885
  [ 408/600] random_router_seed42                | ✓ | acc=70.8% | cost=$0.0887
  [ 409/600] random_router_seed42                | ✓ | acc=70.9% | cost=$0.0890
  [ 410/600] random_router_seed42                | ✓ | acc=71.0% | cost=$0.0893
  [ 411/600] random_router_seed42                | ✓ | acc=71.0% | cost=$0.0896
  [ 412/600] random_router_seed42                | ✓ | acc=71.1% | cost=$0.0898
  [ 413/600] random_router_seed42                | ✓ | acc=71.2% | cost=$0.0898
  [ 414/600] random_router_seed42                | ✗ | acc=71.0% | cost=$0.0900
  [ 415/600] random_router_seed42                | ✓ | acc=71.1% | cost=$0.0901
  [ 416/600] random_router_seed42                | ✓ | acc=71.2% | cost=$0.0901
  [ 417/600] random_router_seed42                | ✓ | acc=71.2% | cost=$0.0903
  [ 418/600] random_router_seed42                | ✓ | acc=71.3% | cost=$0.0903
  [ 419/600] random_router_seed42                | ✓ | acc=71.4% | cost=$0.0903
  [ 420/600] random_router_seed42                | ✓ | acc=71.4% | cost=$0.0903
  [ 421/600] random_router_seed42                | ✓ | acc=71.5% | cost=$0.0905
  [ 422/600] random_router_seed42                | ✓ | acc=71.6% | cost=$0.0908
  [ 423/600] random_router_seed42                | ✓ | acc=71.6% | cost=$0.0911
  [ 424/600] random_router_seed42                | ✓ | acc=71.7% | cost=$0.0913
  [ 425/600] random_router_seed42                | ✓ | acc=71.8% | cost=$0.0913
  [ 426/600] random_router_seed42                | ✓ | acc=71.8% | cost=$0.0916
  [ 427/600] random_router_seed42                | ✓ | acc=71.9% | cost=$0.0918
  [ 428/600] random_router_seed42                | ✓ | acc=72.0% | cost=$0.0918
  [ 429/600] random_router_seed42                | ✓ | acc=72.0% | cost=$0.0920
  [ 430/600] random_router_seed42                | ✓ | acc=72.1% | cost=$0.0924
  [ 431/600] random_router_seed42                | ✓ | acc=72.2% | cost=$0.0926
  [ 432/600] random_router_seed42                | ✓ | acc=72.2% | cost=$0.0927
  [ 433/600] random_router_seed42                | ✓ | acc=72.3% | cost=$0.0930
  [ 434/600] random_router_seed42                | ✓ | acc=72.4% | cost=$0.0930
  [ 435/600] random_router_seed42                | ✓ | acc=72.4% | cost=$0.0930
  [ 436/600] random_router_seed42                | ✗ | acc=72.2% | cost=$0.0930
  [ 437/600] random_router_seed42                | ✓ | acc=72.3% | cost=$0.0930
  [ 438/600] random_router_seed42                | ✓ | acc=72.4% | cost=$0.0930
  [ 439/600] random_router_seed42                | ✓ | acc=72.4% | cost=$0.0933
  [ 440/600] random_router_seed42                | ✓ | acc=72.5% | cost=$0.0933
  [ 441/600] random_router_seed42                | ✗ | acc=72.3% | cost=$0.0933
  [ 442/600] random_router_seed42                | ✗ | acc=72.2% | cost=$0.0933
  [ 443/600] random_router_seed42                | ✓ | acc=72.2% | cost=$0.0935
  [ 444/600] random_router_seed42                | ✓ | acc=72.3% | cost=$0.0935
  [ 445/600] random_router_seed42                | ✗ | acc=72.1% | cost=$0.0935
  [ 446/600] random_router_seed42                | ✓ | acc=72.2% | cost=$0.0938
  [ 447/600] random_router_seed42                | ✓ | acc=72.3% | cost=$0.0938
  [ 448/600] random_router_seed42                | ✓ | acc=72.3% | cost=$0.0938
  [ 449/600] random_router_seed42                | ✓ | acc=72.4% | cost=$0.0940
  [ 450/600] random_router_seed42                | ✓ | acc=72.4% | cost=$0.0940
  [ 451/600] random_router_seed42                | ✓ | acc=72.5% | cost=$0.0942
  [ 452/600] random_router_seed42                | ✓ | acc=72.6% | cost=$0.0943
  [ 453/600] random_router_seed42                | ✓ | acc=72.6% | cost=$0.0943
  [ 454/600] random_router_seed42                | ✓ | acc=72.7% | cost=$0.0943
  [ 455/600] random_router_seed42                | ✓ | acc=72.7% | cost=$0.0945
  [ 456/600] random_router_seed42                | ✓ | acc=72.8% | cost=$0.0948
  [ 457/600] random_router_seed42                | ✓ | acc=72.9% | cost=$0.0950
  [ 458/600] random_router_seed42                | ✓ | acc=72.9% | cost=$0.0954
  [ 459/600] random_router_seed42                | ✓ | acc=73.0% | cost=$0.0954
  [ 460/600] random_router_seed42                | ✓ | acc=73.0% | cost=$0.0958
  [ 461/600] random_router_seed42                | ✓ | acc=73.1% | cost=$0.0960
  [ 462/600] random_router_seed42                | ✓ | acc=73.2% | cost=$0.0962
  [ 463/600] random_router_seed42                | ✓ | acc=73.2% | cost=$0.0962
  [ 464/600] random_router_seed42                | ✓ | acc=73.3% | cost=$0.0962
  [ 465/600] random_router_seed42                | ✓ | acc=73.3% | cost=$0.0963
  [ 466/600] random_router_seed42                | ✓ | acc=73.4% | cost=$0.0963
  [ 467/600] random_router_seed42                | ✓ | acc=73.4% | cost=$0.0963
  [ 468/600] random_router_seed42                | ✓ | acc=73.5% | cost=$0.0965
  [ 469/600] random_router_seed42                | ✓ | acc=73.6% | cost=$0.0968
  [ 470/600] random_router_seed42                | ✓ | acc=73.6% | cost=$0.0968
  [ 471/600] random_router_seed42                | ✓ | acc=73.7% | cost=$0.0968
  [ 472/600] random_router_seed42                | ✓ | acc=73.7% | cost=$0.0972
  [ 473/600] random_router_seed42                | ✓ | acc=73.8% | cost=$0.0972
  [ 474/600] random_router_seed42                | ✓ | acc=73.8% | cost=$0.0972
  [ 475/600] random_router_seed42                | ✓ | acc=73.9% | cost=$0.0975
  [ 476/600] random_router_seed42                | ✓ | acc=73.9% | cost=$0.0975
  [ 477/600] random_router_seed42                | ✓ | acc=74.0% | cost=$0.0975
  [ 478/600] random_router_seed42                | ✓ | acc=74.1% | cost=$0.0975
  [ 479/600] random_router_seed42                | ✓ | acc=74.1% | cost=$0.0975
  [ 480/600] random_router_seed42                | ✓ | acc=74.2% | cost=$0.0979
  [ 481/600] random_router_seed42                | ✗ | acc=74.0% | cost=$0.0979
  [ 482/600] random_router_seed42                | ✓ | acc=74.1% | cost=$0.0982
  [ 483/600] random_router_seed42                | ✗ | acc=73.9% | cost=$0.0982
  [ 484/600] random_router_seed42                | ✓ | acc=74.0% | cost=$0.0982
  [ 485/600] random_router_seed42                | ✓ | acc=74.0% | cost=$0.0982
  [ 486/600] random_router_seed42                | ✓ | acc=74.1% | cost=$0.0985
  [ 487/600] random_router_seed42                | ✓ | acc=74.1% | cost=$0.0985
  [ 488/600] random_router_seed42                | ✓ | acc=74.2% | cost=$0.0985
  [ 489/600] random_router_seed42                | ✓ | acc=74.2% | cost=$0.0985
  [ 490/600] random_router_seed42                | ✓ | acc=74.3% | cost=$0.0989
  [ 491/600] random_router_seed42                | ✓ | acc=74.3% | cost=$0.0989
  [ 492/600] random_router_seed42                | ✓ | acc=74.4% | cost=$0.0991
  [ 493/600] random_router_seed42                | ✓ | acc=74.4% | cost=$0.0993
  [ 494/600] random_router_seed42                | ✗ | acc=74.3% | cost=$0.0993
  [ 495/600] random_router_seed42                | ✓ | acc=74.3% | cost=$0.0996
  [ 496/600] random_router_seed42                | ✗ | acc=74.2% | cost=$0.1001
  [ 497/600] random_router_seed42                | ✓ | acc=74.2% | cost=$0.1001
  [ 498/600] random_router_seed42                | ✓ | acc=74.3% | cost=$0.1004
  [ 499/600] random_router_seed42                | ✓ | acc=74.3% | cost=$0.1004
  [ 500/600] random_router_seed42                | ✓ | acc=74.4% | cost=$0.1008
  [ 501/600] random_router_seed42                | ✗ | acc=74.3% | cost=$0.1011
  [ 502/600] random_router_seed42                | ✓ | acc=74.3% | cost=$0.1012
  [ 503/600] random_router_seed42                | ✓ | acc=74.4% | cost=$0.1012
  [ 504/600] random_router_seed42                | ✓ | acc=74.4% | cost=$0.1012
  [ 505/600] random_router_seed42                | ✓ | acc=74.5% | cost=$0.1014
  [ 506/600] random_router_seed42                | ✓ | acc=74.5% | cost=$0.1014
  [ 507/600] random_router_seed42                | ✓ | acc=74.6% | cost=$0.1014
  [ 508/600] random_router_seed42                | ✗ | acc=74.4% | cost=$0.1015
  [ 509/600] random_router_seed42                | ✗ | acc=74.3% | cost=$0.1015
  [ 510/600] random_router_seed42                | ✓ | acc=74.3% | cost=$0.1015
  [ 511/600] random_router_seed42                | ✓ | acc=74.4% | cost=$0.1015
  [ 512/600] random_router_seed42                | ✓ | acc=74.4% | cost=$0.1015
  [ 513/600] random_router_seed42                | ✓ | acc=74.5% | cost=$0.1020
  [ 514/600] random_router_seed42                | ✗ | acc=74.3% | cost=$0.1020
  [ 515/600] random_router_seed42                | ✓ | acc=74.4% | cost=$0.1023
  [ 516/600] random_router_seed42                | ✓ | acc=74.4% | cost=$0.1026
  [ 517/600] random_router_seed42                | ✓ | acc=74.5% | cost=$0.1026
  [ 518/600] random_router_seed42                | ✓ | acc=74.5% | cost=$0.1029
  [ 519/600] random_router_seed42                | ✗ | acc=74.4% | cost=$0.1031
  [ 520/600] random_router_seed42                | ✓ | acc=74.4% | cost=$0.1033
  [ 521/600] random_router_seed42                | ✓ | acc=74.5% | cost=$0.1035
  [ 522/600] random_router_seed42                | ✓ | acc=74.5% | cost=$0.1038
  [ 523/600] random_router_seed42                | ✗ | acc=74.4% | cost=$0.1042
  [ 524/600] random_router_seed42                | ✓ | acc=74.4% | cost=$0.1045
  [ 525/600] random_router_seed42                | ✓ | acc=74.5% | cost=$0.1048
  [ 526/600] random_router_seed42                | ✓ | acc=74.5% | cost=$0.1051
  [ 527/600] random_router_seed42                | ✓ | acc=74.6% | cost=$0.1054
  [ 528/600] random_router_seed42                | ✓ | acc=74.6% | cost=$0.1054
  [ 529/600] random_router_seed42                | ✓ | acc=74.7% | cost=$0.1057
  [ 530/600] random_router_seed42                | ✓ | acc=74.7% | cost=$0.1060
  [ 531/600] random_router_seed42                | ✗ | acc=74.6% | cost=$0.1060
  [ 532/600] random_router_seed42                | ✓ | acc=74.6% | cost=$0.1060
  [ 533/600] random_router_seed42                | ✓ | acc=74.7% | cost=$0.1060
  [ 534/600] random_router_seed42                | ✓ | acc=74.7% | cost=$0.1063
  [ 535/600] random_router_seed42                | ✓ | acc=74.8% | cost=$0.1066
  [ 536/600] random_router_seed42                | ✓ | acc=74.8% | cost=$0.1068
  [ 537/600] random_router_seed42                | ✗ | acc=74.7% | cost=$0.1069
  [ 538/600] random_router_seed42                | ✓ | acc=74.7% | cost=$0.1071
  [ 539/600] random_router_seed42                | ✓ | acc=74.8% | cost=$0.1076
  [ 540/600] random_router_seed42                | ✓ | acc=74.8% | cost=$0.1076
  [ 541/600] random_router_seed42                | ✓ | acc=74.9% | cost=$0.1076
  [ 542/600] random_router_seed42                | ✓ | acc=74.9% | cost=$0.1076
  [ 543/600] random_router_seed42                | ✓ | acc=75.0% | cost=$0.1079
  [ 544/600] random_router_seed42                | ✗ | acc=74.8% | cost=$0.1082
  [ 545/600] random_router_seed42                | ✓ | acc=74.9% | cost=$0.1084
  [ 546/600] random_router_seed42                | ✓ | acc=74.9% | cost=$0.1086
  [ 547/600] random_router_seed42                | ✓ | acc=75.0% | cost=$0.1086
  [ 548/600] random_router_seed42                | ✓ | acc=75.0% | cost=$0.1089
  [ 549/600] random_router_seed42                | ✗ | acc=74.9% | cost=$0.1092
  [ 550/600] random_router_seed42                | ✗ | acc=74.7% | cost=$0.1092
  [ 551/600] random_router_seed42                | ✓ | acc=74.8% | cost=$0.1092
  [ 552/600] random_router_seed42                | ✓ | acc=74.8% | cost=$0.1092
  [ 553/600] random_router_seed42                | ✓ | acc=74.9% | cost=$0.1095
  [ 554/600] random_router_seed42                | ✓ | acc=74.9% | cost=$0.1095
  [ 555/600] random_router_seed42                | ✓ | acc=75.0% | cost=$0.1097
  [ 556/600] random_router_seed42                | ✓ | acc=75.0% | cost=$0.1098
  [ 557/600] random_router_seed42                | ✓ | acc=75.0% | cost=$0.1098
  [ 558/600] random_router_seed42                | ✓ | acc=75.1% | cost=$0.1101
  [ 559/600] random_router_seed42                | ✓ | acc=75.1% | cost=$0.1101
  [ 560/600] random_router_seed42                | ✓ | acc=75.2% | cost=$0.1102
  [ 561/600] random_router_seed42                | ✓ | acc=75.2% | cost=$0.1102